Archive member included to satisfy reference by file (symbol)

C:/ST/STM32CubeIDE_1.12.0/STM32CubeIDE/plugins/com.st.stm32cube.ide.mcu.externaltools.gnu-tools-for-stm32.11.3.rel1.win32_1.1.0.202305231506/tools/bin/../lib/gcc/arm-none-eabi/11.3.1/../../../../arm-none-eabi/lib/thumb/v7-m/nofp\libc_nano.a(libc_a-exit.o)
                              C:/ST/STM32CubeIDE_1.12.0/STM32CubeIDE/plugins/com.st.stm32cube.ide.mcu.externaltools.gnu-tools-for-stm32.11.3.rel1.win32_1.1.0.202305231506/tools/bin/../lib/gcc/arm-none-eabi/11.3.1/../../../../arm-none-eabi/lib/thumb/v7-m/nofp/crt0.o (exit)
C:/ST/STM32CubeIDE_1.12.0/STM32CubeIDE/plugins/com.st.stm32cube.ide.mcu.externaltools.gnu-tools-for-stm32.11.3.rel1.win32_1.1.0.202305231506/tools/bin/../lib/gcc/arm-none-eabi/11.3.1/../../../../arm-none-eabi/lib/thumb/v7-m/nofp\libc_nano.a(libc_a-findfp.o)
                              ./Middlewares/Third_Party/FreeRTOS/Source/tasks.o (__sf)
C:/ST/STM32CubeIDE_1.12.0/STM32CubeIDE/plugins/com.st.stm32cube.ide.mcu.externaltools.gnu-tools-for-stm32.11.3.rel1.win32_1.1.0.202305231506/tools/bin/../lib/gcc/arm-none-eabi/11.3.1/../../../../arm-none-eabi/lib/thumb/v7-m/nofp\libc_nano.a(libc_a-fwalk.o)
                              C:/ST/STM32CubeIDE_1.12.0/STM32CubeIDE/plugins/com.st.stm32cube.ide.mcu.externaltools.gnu-tools-for-stm32.11.3.rel1.win32_1.1.0.202305231506/tools/bin/../lib/gcc/arm-none-eabi/11.3.1/../../../../arm-none-eabi/lib/thumb/v7-m/nofp\libc_nano.a(libc_a-findfp.o) (_fwalk_sglue)
C:/ST/STM32CubeIDE_1.12.0/STM32CubeIDE/plugins/com.st.stm32cube.ide.mcu.externaltools.gnu-tools-for-stm32.11.3.rel1.win32_1.1.0.202305231506/tools/bin/../lib/gcc/arm-none-eabi/11.3.1/../../../../arm-none-eabi/lib/thumb/v7-m/nofp\libc_nano.a(libc_a-stdio.o)
                              C:/ST/STM32CubeIDE_1.12.0/STM32CubeIDE/plugins/com.st.stm32cube.ide.mcu.externaltools.gnu-tools-for-stm32.11.3.rel1.win32_1.1.0.202305231506/tools/bin/../lib/gcc/arm-none-eabi/11.3.1/../../../../arm-none-eabi/lib/thumb/v7-m/nofp\libc_nano.a(libc_a-findfp.o) (__sread)
C:/ST/STM32CubeIDE_1.12.0/STM32CubeIDE/plugins/com.st.stm32cube.ide.mcu.externaltools.gnu-tools-for-stm32.11.3.rel1.win32_1.1.0.202305231506/tools/bin/../lib/gcc/arm-none-eabi/11.3.1/../../../../arm-none-eabi/lib/thumb/v7-m/nofp\libc_nano.a(libc_a-memset.o)
                              C:/ST/STM32CubeIDE_1.12.0/STM32CubeIDE/plugins/com.st.stm32cube.ide.mcu.externaltools.gnu-tools-for-stm32.11.3.rel1.win32_1.1.0.202305231506/tools/bin/../lib/gcc/arm-none-eabi/11.3.1/../../../../arm-none-eabi/lib/thumb/v7-m/nofp/crt0.o (memset)
C:/ST/STM32CubeIDE_1.12.0/STM32CubeIDE/plugins/com.st.stm32cube.ide.mcu.externaltools.gnu-tools-for-stm32.11.3.rel1.win32_1.1.0.202305231506/tools/bin/../lib/gcc/arm-none-eabi/11.3.1/../../../../arm-none-eabi/lib/thumb/v7-m/nofp\libc_nano.a(libc_a-closer.o)
                              C:/ST/STM32CubeIDE_1.12.0/STM32CubeIDE/plugins/com.st.stm32cube.ide.mcu.externaltools.gnu-tools-for-stm32.11.3.rel1.win32_1.1.0.202305231506/tools/bin/../lib/gcc/arm-none-eabi/11.3.1/../../../../arm-none-eabi/lib/thumb/v7-m/nofp\libc_nano.a(libc_a-stdio.o) (_close_r)
C:/ST/STM32CubeIDE_1.12.0/STM32CubeIDE/plugins/com.st.stm32cube.ide.mcu.externaltools.gnu-tools-for-stm32.11.3.rel1.win32_1.1.0.202305231506/tools/bin/../lib/gcc/arm-none-eabi/11.3.1/../../../../arm-none-eabi/lib/thumb/v7-m/nofp\libc_nano.a(libc_a-reent.o)
                              ./Middlewares/Third_Party/FreeRTOS/Source/tasks.o (_reclaim_reent)
C:/ST/STM32CubeIDE_1.12.0/STM32CubeIDE/plugins/com.st.stm32cube.ide.mcu.externaltools.gnu-tools-for-stm32.11.3.rel1.win32_1.1.0.202305231506/tools/bin/../lib/gcc/arm-none-eabi/11.3.1/../../../../arm-none-eabi/lib/thumb/v7-m/nofp\libc_nano.a(libc_a-impure.o)
                              ./Middlewares/Third_Party/FreeRTOS/Source/tasks.o (_impure_ptr)
C:/ST/STM32CubeIDE_1.12.0/STM32CubeIDE/plugins/com.st.stm32cube.ide.mcu.externaltools.gnu-tools-for-stm32.11.3.rel1.win32_1.1.0.202305231506/tools/bin/../lib/gcc/arm-none-eabi/11.3.1/../../../../arm-none-eabi/lib/thumb/v7-m/nofp\libc_nano.a(libc_a-lseekr.o)
                              C:/ST/STM32CubeIDE_1.12.0/STM32CubeIDE/plugins/com.st.stm32cube.ide.mcu.externaltools.gnu-tools-for-stm32.11.3.rel1.win32_1.1.0.202305231506/tools/bin/../lib/gcc/arm-none-eabi/11.3.1/../../../../arm-none-eabi/lib/thumb/v7-m/nofp\libc_nano.a(libc_a-stdio.o) (_lseek_r)
C:/ST/STM32CubeIDE_1.12.0/STM32CubeIDE/plugins/com.st.stm32cube.ide.mcu.externaltools.gnu-tools-for-stm32.11.3.rel1.win32_1.1.0.202305231506/tools/bin/../lib/gcc/arm-none-eabi/11.3.1/../../../../arm-none-eabi/lib/thumb/v7-m/nofp\libc_nano.a(libc_a-readr.o)
                              C:/ST/STM32CubeIDE_1.12.0/STM32CubeIDE/plugins/com.st.stm32cube.ide.mcu.externaltools.gnu-tools-for-stm32.11.3.rel1.win32_1.1.0.202305231506/tools/bin/../lib/gcc/arm-none-eabi/11.3.1/../../../../arm-none-eabi/lib/thumb/v7-m/nofp\libc_nano.a(libc_a-stdio.o) (_read_r)
[...]
Memory Configuration

Name             Origin             Length             Attributes
RAM              0x0000000020000000 0x0000000000010000 xrw
FLASH            0x0000000008000000 0x0000000000080000 xr
*default*        0x0000000000000000 0xffffffffffffffff

Linker script and memory map

LOAD C:/ST/STM32CubeIDE_1.12.0/STM32CubeIDE/plugins/com.st.stm32cube.ide.mcu.externaltools.gnu-tools-for-stm32.11.3.rel1.win32_1.1.0.202305231506/tools/bin/../lib/gcc/arm-none-eabi/11.3.1/thumb/v7-m/nofp/crti.o
LOAD C:/ST/STM32CubeIDE_1.12.0/STM32CubeIDE/plugins/com.st.stm32cube.ide.mcu.externaltools.gnu-tools-for-stm32.11.3.rel1.win32_1.1.0.202305231506/tools/bin/../lib/gcc/arm-none-eabi/11.3.1/thumb/v7-m/nofp/crtbegin.o
LOAD C:/ST/STM32CubeIDE_1.12.0/STM32CubeIDE/plugins/com.st.stm32cube.ide.mcu.externaltools.gnu-tools-for-stm32.11.3.rel1.win32_1.1.0.202305231506/tools/bin/../lib/gcc/arm-none-eabi/11.3.1/../../../../arm-none-eabi/lib/thumb/v7-m/nofp/crt0.o
LOAD ./Core/Src/DIN_DOUT.o
LOAD ./Core/Src/EEPROM.o
LOAD ./Core/Src/LCD.o
LOAD ./Core/Src/data_model.o
LOAD ./Core/Src/datastorage.o
LOAD ./Core/Src/freertos.o
LOAD ./Core/Src/journal.o
LOAD ./Core/Src/lamp.o
LOAD ./Core/Src/main.o
LOAD ./Core/Src/menu.o
LOAD ./Core/Src/menudata.o
LOAD ./Core/Src/stm32f1xx_hal_msp.o
LOAD ./Core/Src/stm32f1xx_hal_timebase_tim.o
LOAD ./Core/Src/stm32f1xx_it.o
LOAD ./Core/Src/syscalls.o
LOAD ./Core/Src/sysmem.o
LOAD ./Core/Src/system_stm32f1xx.o
LOAD ./Core/Startup/startup_stm32f103retx.o
LOAD ./Drivers/STM32F1xx_HAL_Driver/Src/stm32f1xx_hal.o
LOAD ./Drivers/STM32F1xx_HAL_Driver/Src/stm32f1xx_hal_adc.o
LOAD ./Drivers/STM32F1xx_HAL_Driver/Src/stm32f1xx_hal_adc_ex.o
LOAD ./Drivers/STM32F1xx_HAL_Driver/Src/stm32f1xx_hal_cortex.o
LOAD ./Drivers/STM32F1xx_HAL_Driver/Src/stm32f1xx_hal_dma.o
LOAD ./Drivers/STM32F1xx_HAL_Driver/Src/stm32f1xx_hal_exti.o
LOAD ./Drivers/STM32F1xx_HAL_Driver/Src/stm32f1xx_hal_flash.o
LOAD ./Drivers/STM32F1xx_HAL_Driver/Src/stm32f1xx_hal_flash_ex.o
LOAD ./Drivers/STM32F1xx_HAL_Driver/Src/stm32f1xx_hal_gpio.o
LOAD ./Drivers/STM32F1xx_HAL_Driver/Src/stm32f1xx_hal_gpio_ex.o
LOAD ./Drivers/STM32F1xx_HAL_Driver/Src/stm32f1xx_hal_i2c.o
LOAD ./Drivers/STM32F1xx_HAL_Driver/Src/stm32f1xx_hal_pwr.o
LOAD ./Drivers/STM32F1xx_HAL_Driver/Src/stm32f1xx_hal_rcc.o
LOAD ./Drivers/STM32F1xx_HAL_Driver/Src/stm32f1xx_hal_rcc_ex.o
LOAD ./Drivers/STM32F1xx_HAL_Driver/Src/stm32f1xx_hal_rtc.o
LOAD ./Drivers/STM32F1xx_HAL_Driver/Src/stm32f1xx_hal_rtc_ex.o
LOAD ./Drivers/STM32F1xx_HAL_Driver/Src/stm32f1xx_hal_spi.o
LOAD ./Drivers/STM32F1xx_HAL_Driver/Src/stm32f1xx_hal_tim.o
LOAD ./Drivers/STM32F1xx_HAL_Driver/Src/stm32f1xx_hal_tim_ex.o
LOAD ./Drivers/STM32F1xx_HAL_Driver/Src/stm32f1xx_hal_uart.o
LOAD ./Middlewares/Third_Party/FreeRTOS/Source/CMSIS_RTOS_V2/cmsis_os2.o
LOAD ./Middlewares/Third_Party/FreeRTOS/Source/croutine.o
LOAD ./Middlewares/Third_Party/FreeRTOS/Source/event_groups.o
LOAD ./Middlewares/Third_Party/FreeRTOS/Source/list.o
LOAD ./Middlewares/Third_Party/FreeRTOS/Source/queue.o
LOAD ./Middlewares/Third_Party/FreeRTOS/Source/stream_buffer.o
LOAD ./Middlewares/Third_Party/FreeRTOS/Source/tasks.o
LOAD ./Middlewares/Third_Party/FreeRTOS/Source/timers.o
LOAD ./Middlewares/Third_Party/FreeRTOS/Source/portable/GCC/ARM_CM3/port.o
LOAD ./Middlewares/Third_Party/FreeRTOS/Source/portable/MemMang/heap_4.o
START GROUP
LOAD C:/ST/STM32CubeIDE_1.12.0/STM32CubeIDE/plugins/com.st.stm32cube.ide.mcu.externaltools.gnu-tools-for-stm32.11.3.rel1.win32_1.1.0.202305231506/tools/bin/../lib/gcc/arm-none-eabi/11.3.1/../../../../arm-none-eabi/lib/thumb/v7-m/nofp\libc_nano.a
LOAD C:/ST/STM32CubeIDE_1.12.0/STM32CubeIDE/plugins/com.st.stm32cube.ide.mcu.externaltools.gnu-tools-for-stm32.11.3.rel1.win32_1.1.0.202305231506/tools/bin/../lib/gcc/arm-none-eabi/11.3.1/../../../../arm-none-eabi/lib/thumb/v7-m/nofp\libm.a
END GROUP
START GROUP
LOAD C:/ST/STM32CubeIDE_1.12.0/STM32CubeIDE/plugins/com.st.stm32cube.ide.mcu.externaltools.gnu-tools-for-stm32.11.3.rel1.win32_1.1.0.202305231506/tools/bin/../lib/gcc/arm-none-eabi/11.3.1/thumb/v7-m/nofp\libgcc.a
LOAD C:/ST/STM32CubeIDE_1.12.0/STM32CubeIDE/plugins/com.st.stm32cube.ide.mcu.externaltools.gnu-tools-for-stm32.11.3.rel1.win32_1.1.0.202305231506/tools/bin/../lib/gcc/arm-none-eabi/11.3.1/../../../../arm-none-eabi/lib/thumb/v7-m/nofp\libc_nano.a
END GROUP
START GROUP
LOAD C:/ST/STM32CubeIDE_1.12.0/STM32CubeIDE/plugins/com.st.stm32cube.ide.mcu.externaltools.gnu-tools-for-stm32.11.3.rel1.win32_1.1.0.202305231506/tools/bin/../lib/gcc/arm-none-eabi/11.3.1/thumb/v7-m/nofp\libgcc.a
LOAD C:/ST/STM32CubeIDE_1.12.0/STM32CubeIDE/plugins/com.st.stm32cube.ide.mcu.externaltools.gnu-tools-for-stm32.11.3.rel1.win32_1.1.0.202305231506/tools/bin/../lib/gcc/arm-none-eabi/11.3.1/../../../../arm-none-eabi/lib/thumb/v7-m/nofp\libc_nano.a
LOAD C:/ST/STM32CubeIDE_1.12.0/STM32CubeIDE/plugins/com.st.stm32cube.ide.mcu.externaltools.gnu-tools-for-stm32.11.3.rel1.win32_1.1.0.202305231506/tools/bin/../lib/gcc/arm-none-eabi/11.3.1/../../../../arm-none-eabi/lib/thumb/v7-m/nofp\libnosys.a
END GROUP
START GROUP
LOAD C:/ST/STM32CubeIDE_1.12.0/STM32CubeIDE/plugins/com.st.stm32cube.ide.mcu.externaltools.gnu-tools-for-stm32.11.3.rel1.win32_1.1.0.202305231506/tools/bin/../lib/gcc/arm-none-eabi/11.3.1/thumb/v7-m/nofp\libgcc.a
LOAD C:/ST/STM32CubeIDE_1.12.0/STM32CubeIDE/plugins/com.st.stm32cube.ide.mcu.externaltools.gnu-tools-for-stm32.11.3.rel1.win32_1.1.0.202305231506/tools/bin/../lib/gcc/arm-none-eabi/11.3.1/../../../../arm-none-eabi/lib/thumb/v7-m/nofp\libc_nano.a
LOAD C:/ST/STM32CubeIDE_1.12.0/STM32CubeIDE/plugins/com.st.stm32cube.ide.mcu.externaltools.gnu-tools-for-stm32.11.3.rel1.win32_1.1.0.202305231506/tools/bin/../lib/gcc/arm-none-eabi/11.3.1/../../../../arm-none-eabi/lib/thumb/v7-m/nofp\libnosys.a
END GROUP
LOAD C:/ST/STM32CubeIDE_1.12.0/STM32CubeIDE/plugins/com.st.stm32cube.ide.mcu.externaltools.gnu-tools-for-stm32.11.3.rel1.win32_1.1.0.202305231506/tools/bin/../lib/gcc/arm-none-eabi/11.3.1/thumb/v7-m/nofp/crtend.o
LOAD C:/ST/STM32CubeIDE_1.12.0/STM32CubeIDE/plugins/com.st.stm32cube.ide.mcu.externaltools.gnu-tools-for-stm32.11.3.rel1.win32_1.1.0.202305231506/tools/bin/../lib/gcc/arm-none-eabi/11.3.1/thumb/v7-m/nofp/crtn.o
                0x0000000020010000                _estack = (ORIGIN (RAM) + LENGTH (RAM))
                0x0000000000000200                _Min_Heap_Size = 0x200
                0x0000000000000400                _Min_Stack_Size = 0x400

.isr_vector     0x0000000008000000      0x1e4
                0x0000000008000000                . = ALIGN (0x4)
 *(.isr_vector)
 .isr_vector    0x0000000008000000      0x1e4 ./Core/Startup/startup_stm32f103retx.o
                0x0000000008000000                g_pfnVectors
                0x00000000080001e4                . = ALIGN (0x4)

.text           0x00000000080001f0     0x7ed0
                0x00000000080001f0                . = ALIGN (0x4)
 *(.text)
 .text          0x00000000080001f0       0x40 C:/ST/STM32CubeIDE_1.12.0/STM32CubeIDE/plugins/com.st.stm32cube.ide.mcu.externaltools.gnu-tools-for-stm32.11.3.rel1.win32_1.1.0.202305231506/tools/bin/../lib/gcc/arm-none-eabi/11.3.1/thumb/v7-m/nofp/crtbegin.o
 *(.text*)
 .text.PL_SET   0x0000000008000230        0xc ./Core/Src/DIN_DOUT.o
                0x0000000008000230                PL_SET
 .text.RegisterDATALoad
                0x000000000800023c      0x178 ./Core/Src/DIN_DOUT.o
                0x000000000800023c                RegisterDATALoad
 .text.HAL_SPI_RxCpltCallback
                0x00000000080003b4       0x4c ./Core/Src/DIN_DOUT.o
                0x00000000080003b4                HAL_SPI_RxCpltCallback
 .text.eDinConfig
                0x0000000008000400       0xec ./Core/Src/DIN_DOUT.o
                0x0000000008000400                eDinConfig
 .text.vDINInit
                0x00000000080004ec       0x48 ./Core/Src/DIN_DOUT.o
 .text.StartDIN_DOUT
                0x0000000008000534      0x15c ./Core/Src/DIN_DOUT.o
                0x0000000008000534                StartDIN_DOUT
 .text.vKeyboardTask
                0x0000000008000690      0x1b4 ./Core/Src/DIN_DOUT.o
                0x0000000008000690                vKeyboardTask
 .text.WriteByte
                0x0000000008000844       0x38 ./Core/Src/LCD.o
 .text.DelayUS  0x000000000800087c       0x4c ./Core/Src/LCD.o
 .text.Strob    0x00000000080008c8       0x28 ./Core/Src/LCD.o
 .text.LCD_SendCommand
                0x00000000080008f0       0x4c ./Core/Src/LCD.o
 .text.LCD_SendData
                0x000000000800093c       0x4c ./Core/Src/LCD.o
 .text.Init16X2LCD
                0x0000000008000988       0x14 ./Core/Src/LCD.o
                0x0000000008000988                Init16X2LCD
 .text.vRedrawLCD
                0x000000000800099c       0xac ./Core/Src/LCD.o
                0x000000000800099c                vRedrawLCD
 .text.LCD_Task
                0x0000000008000a48       0x18 ./Core/Src/LCD.o
                0x0000000008000a48                LCD_Task
 .text.SetData  0x0000000008000a60       0x30 ./Core/Src/data_model.o
                0x0000000008000a60                SetData
 .text.InitData
                0x0000000008000a90       0x58 ./Core/Src/lamp.o
                0x0000000008000a90                InitData
 .text.LAMPstart
                0x0000000008000ae8       0x64 ./Core/Src/lamp.o
                0x0000000008000ae8                LAMPstart
 .text.main     0x0000000008000b4c       0xf4 ./Core/Src/main.o
                0x0000000008000b4c                main
 .text.SystemClock_Config
                0x0000000008000c40       0xc4 ./Core/Src/main.o
                0x0000000008000c40                SystemClock_Config
 .text.MX_ADC1_Init
                0x0000000008000d04       0x9c ./Core/Src/main.o
 .text.MX_ADC3_Init
                0x0000000008000da0       0x7c ./Core/Src/main.o
 .text.MX_I2C1_Init
                0x0000000008000e1c       0x5c ./Core/Src/main.o
 .text.MX_RTC_Init
                0x0000000008000e78       0x94 ./Core/Src/main.o
 .text.MX_SPI2_Init
                0x0000000008000f0c       0x70 ./Core/Src/main.o
 .text.MX_TIM6_Init
                0x0000000008000f7c       0x68 ./Core/Src/main.o
 .text.MX_TIM7_Init
                0x0000000008000fe4       0x68 ./Core/Src/main.o
 .text.MX_USART1_UART_Init
                0x000000000800104c       0x54 ./Core/Src/main.o
 .text.MX_DMA_Init
                0x00000000080010a0       0x3c ./Core/Src/main.o
 .text.MX_GPIO_Init
                0x00000000080010dc      0x158 ./Core/Src/main.o
 .text.HAL_TIM_PeriodElapsedCallback
                0x0000000008001234       0x12 ./Core/Src/main.o
                0x0000000008001234                HAL_TIM_PeriodElapsedCallback
 .text.StartDefaultTask
                0x0000000008001246       0x10 ./Core/Src/main.o
                0x0000000008001246                StartDefaultTask
 .text.Error_Handler
                0x0000000008001256        0xa ./Core/Src/main.o
                0x0000000008001256                Error_Handler
 .text.HAL_MspInit
                0x0000000008001260       0x70 ./Core/Src/stm32f1xx_hal_msp.o
                0x0000000008001260                HAL_MspInit
 .text.HAL_ADC_MspInit
                0x00000000080012d0      0x124 ./Core/Src/stm32f1xx_hal_msp.o
                0x00000000080012d0                HAL_ADC_MspInit
 .text.HAL_I2C_MspInit
                0x00000000080013f4       0xa0 ./Core/Src/stm32f1xx_hal_msp.o
                0x00000000080013f4                HAL_I2C_MspInit
 .text.HAL_RTC_MspInit
                0x0000000008001494       0x58 ./Core/Src/stm32f1xx_hal_msp.o
                0x0000000008001494                HAL_RTC_MspInit
 .text.HAL_SPI_MspInit
                0x00000000080014ec       0x98 ./Core/Src/stm32f1xx_hal_msp.o
                0x00000000080014ec                HAL_SPI_MspInit
 .text.HAL_TIM_Base_MspInit
                0x0000000008001584       0x74 ./Core/Src/stm32f1xx_hal_msp.o
                0x0000000008001584                HAL_TIM_Base_MspInit
 .text.HAL_UART_MspInit
                0x00000000080015f8       0x98 ./Core/Src/stm32f1xx_hal_msp.o
                0x00000000080015f8                HAL_UART_MspInit
 .text.HAL_InitTick
                0x0000000008001690       0xe4 ./Core/Src/stm32f1xx_hal_timebase_tim.o
                0x0000000008001690                HAL_InitTick
 .text.NMI_Handler
                0x0000000008001774        0x6 ./Core/Src/stm32f1xx_it.o
                0x0000000008001774                NMI_Handler
 .text.HardFault_Handler
                0x000000000800177a        0x6 ./Core/Src/stm32f1xx_it.o
                0x000000000800177a                HardFault_Handler
 .text.MemManage_Handler
                0x0000000008001780        0x6 ./Core/Src/stm32f1xx_it.o
                0x0000000008001780                MemManage_Handler
 .text.BusFault_Handler
                0x0000000008001786        0x6 ./Core/Src/stm32f1xx_it.o
                0x0000000008001786                BusFault_Handler
 .text.UsageFault_Handler
                0x000000000800178c        0x6 ./Core/Src/stm32f1xx_it.o
                0x000000000800178c                UsageFault_Handler
 .text.DebugMon_Handler
                0x0000000008001792        0xc ./Core/Src/stm32f1xx_it.o
                0x0000000008001792                DebugMon_Handler
 *fill*         0x000000000800179e        0x2 
 .text.RTC_IRQHandler
                0x00000000080017a0       0x14 ./Core/Src/stm32f1xx_it.o
                0x00000000080017a0                RTC_IRQHandler
 .text.TIM1_UP_IRQHandler
                0x00000000080017b4       0x14 ./Core/Src/stm32f1xx_it.o
                0x00000000080017b4                TIM1_UP_IRQHandler
 .text.TIM7_IRQHandler
                0x00000000080017c8       0x14 ./Core/Src/stm32f1xx_it.o
                0x00000000080017c8                TIM7_IRQHandler
 .text.DMA2_Channel4_5_IRQHandler
                0x00000000080017dc       0x14 ./Core/Src/stm32f1xx_it.o
                0x00000000080017dc                DMA2_Channel4_5_IRQHandler
 .text.SystemInit
                0x00000000080017f0        0xc ./Core/Src/system_stm32f1xx.o
                0x00000000080017f0                SystemInit
 .text.Reset_Handler
                0x00000000080017fc       0x48 ./Core/Startup/startup_stm32f103retx.o
                0x00000000080017fc                Reset_Handler
 .text.Default_Handler
                0x0000000008001844        0x2 ./Core/Startup/startup_stm32f103retx.o
                0x0000000008001844                RTC_Alarm_IRQHandler
                0x0000000008001844                EXTI2_IRQHandler
                0x0000000008001844                TIM8_TRG_COM_IRQHandler
                0x0000000008001844                TIM8_CC_IRQHandler
                0x0000000008001844                TIM1_CC_IRQHandler
                0x0000000008001844                TIM6_IRQHandler
                0x0000000008001844                PVD_IRQHandler
                0x0000000008001844                SDIO_IRQHandler
                0x0000000008001844                EXTI3_IRQHandler
                0x0000000008001844                EXTI0_IRQHandler
                0x0000000008001844                I2C2_EV_IRQHandler
                0x0000000008001844                ADC1_2_IRQHandler
                0x0000000008001844                SPI1_IRQHandler
                0x0000000008001844                TAMPER_IRQHandler
                0x0000000008001844                TIM8_UP_IRQHandler
                0x0000000008001844                DMA2_Channel2_IRQHandler
                0x0000000008001844                DMA1_Channel4_IRQHandler
                0x0000000008001844                USART3_IRQHandler
                0x0000000008001844                DMA1_Channel7_IRQHandler
                0x0000000008001844                CAN1_RX1_IRQHandler
                0x0000000008001844                UART5_IRQHandler
                0x0000000008001844                ADC3_IRQHandler
                0x0000000008001844                TIM4_IRQHandler
                0x0000000008001844                DMA2_Channel1_IRQHandler
                0x0000000008001844                I2C1_EV_IRQHandler
                0x0000000008001844                DMA1_Channel6_IRQHandler
                0x0000000008001844                UART4_IRQHandler
                0x0000000008001844                TIM3_IRQHandler
                0x0000000008001844                RCC_IRQHandler
                0x0000000008001844                TIM1_TRG_COM_IRQHandler
                0x0000000008001844                DMA1_Channel1_IRQHandler
                0x0000000008001844                Default_Handler
                0x0000000008001844                EXTI15_10_IRQHandler
                0x0000000008001844                TIM5_IRQHandler
                0x0000000008001844                EXTI9_5_IRQHandler
                0x0000000008001844                SPI2_IRQHandler
                0x0000000008001844                DMA1_Channel5_IRQHandler
                0x0000000008001844                EXTI4_IRQHandler
                0x0000000008001844                USB_LP_CAN1_RX0_IRQHandler
                0x0000000008001844                USB_HP_CAN1_TX_IRQHandler
                0x0000000008001844                DMA1_Channel3_IRQHandler
                0x0000000008001844                FSMC_IRQHandler
                0x0000000008001844                WWDG_IRQHandler
                0x0000000008001844                TIM2_IRQHandler
                0x0000000008001844                TIM1_BRK_IRQHandler
                0x0000000008001844                EXTI1_IRQHandler
                0x0000000008001844                USART2_IRQHandler
                0x0000000008001844                I2C2_ER_IRQHandler
                0x0000000008001844                DMA1_Channel2_IRQHandler
                0x0000000008001844                TIM8_BRK_IRQHandler
                0x0000000008001844                CAN1_SCE_IRQHandler
                0x0000000008001844                FLASH_IRQHandler
                0x0000000008001844                USART1_IRQHandler
                0x0000000008001844                SPI3_IRQHandler
                0x0000000008001844                I2C1_ER_IRQHandler
                0x0000000008001844                USBWakeUp_IRQHandler
                0x0000000008001844                DMA2_Channel3_IRQHandler
 *fill*         0x0000000008001846        0x2 
 .text.HAL_Init
                0x0000000008001848       0x2c ./Drivers/STM32F1xx_HAL_Driver/Src/stm32f1xx_hal.o
                0x0000000008001848                HAL_Init
 .text.HAL_GetTick
                0x0000000008001874       0x14 ./Drivers/STM32F1xx_HAL_Driver/Src/stm32f1xx_hal.o
                0x0000000008001874                HAL_GetTick
 .text.HAL_ADC_Init
                0x0000000008001888      0x1d4 ./Drivers/STM32F1xx_HAL_Driver/Src/stm32f1xx_hal_adc.o
                0x0000000008001888                HAL_ADC_Init
 .text.HAL_ADC_ConfigChannel
                0x0000000008001a5c      0x1f0 ./Drivers/STM32F1xx_HAL_Driver/Src/stm32f1xx_hal_adc.o
                0x0000000008001a5c                HAL_ADC_ConfigChannel
 .text.ADC_ConversionStop_Disable
                0x0000000008001c4c       0x82 ./Drivers/STM32F1xx_HAL_Driver/Src/stm32f1xx_hal_adc.o
                0x0000000008001c4c                ADC_ConversionStop_Disable
 *fill*         0x0000000008001cce        0x2 
 .text.__NVIC_SetPriorityGrouping
                0x0000000008001cd0       0x48 ./Drivers/STM32F1xx_HAL_Driver/Src/stm32f1xx_hal_cortex.o
 .text.__NVIC_GetPriorityGrouping
                0x0000000008001d18       0x1c ./Drivers/STM32F1xx_HAL_Driver/Src/stm32f1xx_hal_cortex.o
 .text.__NVIC_EnableIRQ
                0x0000000008001d34       0x38 ./Drivers/STM32F1xx_HAL_Driver/Src/stm32f1xx_hal_cortex.o
 .text.__NVIC_SetPriority
                0x0000000008001d6c       0x54 ./Drivers/STM32F1xx_HAL_Driver/Src/stm32f1xx_hal_cortex.o
 .text.NVIC_EncodePriority
                0x0000000008001dc0       0x64 ./Drivers/STM32F1xx_HAL_Driver/Src/stm32f1xx_hal_cortex.o
 .text.HAL_NVIC_SetPriorityGrouping
                0x0000000008001e24       0x16 ./Drivers/STM32F1xx_HAL_Driver/Src/stm32f1xx_hal_cortex.o
                0x0000000008001e24                HAL_NVIC_SetPriorityGrouping
 .text.HAL_NVIC_SetPriority
                0x0000000008001e3a       0x38 ./Drivers/STM32F1xx_HAL_Driver/Src/stm32f1xx_hal_cortex.o
                0x0000000008001e3a                HAL_NVIC_SetPriority
 .text.HAL_NVIC_EnableIRQ
                0x0000000008001e72       0x1c ./Drivers/STM32F1xx_HAL_Driver/Src/stm32f1xx_hal_cortex.o
                0x0000000008001e72                HAL_NVIC_EnableIRQ
 *fill*         0x0000000008001e8e        0x2 
 .text.HAL_DMA_Init
                0x0000000008001e90       0xec ./Drivers/STM32F1xx_HAL_Driver/Src/stm32f1xx_hal_dma.o
                0x0000000008001e90                HAL_DMA_Init
 .text.HAL_DMA_Start_IT
                0x0000000008001f7c       0xc0 ./Drivers/STM32F1xx_HAL_Driver/Src/stm32f1xx_hal_dma.o
                0x0000000008001f7c                HAL_DMA_Start_IT
 .text.HAL_DMA_IRQHandler
                0x000000000800203c      0x478 ./Drivers/STM32F1xx_HAL_Driver/Src/stm32f1xx_hal_dma.o
                0x000000000800203c                HAL_DMA_IRQHandler
 .text.DMA_SetConfig
                0x00000000080024b4       0x5a ./Drivers/STM32F1xx_HAL_Driver/Src/stm32f1xx_hal_dma.o
 *fill*         0x000000000800250e        0x2 
 .text.HAL_GPIO_Init
                0x0000000008002510      0x328 ./Drivers/STM32F1xx_HAL_Driver/Src/stm32f1xx_hal_gpio.o
                0x0000000008002510                HAL_GPIO_Init
 .text.HAL_GPIO_ReadPin
                0x0000000008002838       0x2e ./Drivers/STM32F1xx_HAL_Driver/Src/stm32f1xx_hal_gpio.o
                0x0000000008002838                HAL_GPIO_ReadPin
 .text.HAL_GPIO_WritePin
                0x0000000008002866       0x30 ./Drivers/STM32F1xx_HAL_Driver/Src/stm32f1xx_hal_gpio.o
                0x0000000008002866                HAL_GPIO_WritePin
 *fill*         0x0000000008002896        0x2 
 .text.HAL_I2C_Init
                0x0000000008002898      0x288 ./Drivers/STM32F1xx_HAL_Driver/Src/stm32f1xx_hal_i2c.o
                0x0000000008002898                HAL_I2C_Init
 .text.HAL_PWR_EnableBkUpAccess
                0x0000000008002b20       0x18 ./Drivers/STM32F1xx_HAL_Driver/Src/stm32f1xx_hal_pwr.o
                0x0000000008002b20                HAL_PWR_EnableBkUpAccess
 .text.HAL_RCC_OscConfig
                0x0000000008002b38      0x504 ./Drivers/STM32F1xx_HAL_Driver/Src/stm32f1xx_hal_rcc.o
                0x0000000008002b38                HAL_RCC_OscConfig
 .text.HAL_RCC_ClockConfig
                0x000000000800303c      0x1d4 ./Drivers/STM32F1xx_HAL_Driver/Src/stm32f1xx_hal_rcc.o
                0x000000000800303c                HAL_RCC_ClockConfig
 .text.HAL_RCC_GetSysClockFreq
                0x0000000008003210       0xa8 ./Drivers/STM32F1xx_HAL_Driver/Src/stm32f1xx_hal_rcc.o
                0x0000000008003210                HAL_RCC_GetSysClockFreq
 .text.HAL_RCC_GetHCLKFreq
                0x00000000080032b8       0x14 ./Drivers/STM32F1xx_HAL_Driver/Src/stm32f1xx_hal_rcc.o
                0x00000000080032b8                HAL_RCC_GetHCLKFreq
 .text.HAL_RCC_GetPCLK1Freq
                0x00000000080032cc       0x28 ./Drivers/STM32F1xx_HAL_Driver/Src/stm32f1xx_hal_rcc.o
                0x00000000080032cc                HAL_RCC_GetPCLK1Freq
 .text.HAL_RCC_GetPCLK2Freq
                0x00000000080032f4       0x28 ./Drivers/STM32F1xx_HAL_Driver/Src/stm32f1xx_hal_rcc.o
                0x00000000080032f4                HAL_RCC_GetPCLK2Freq
 .text.HAL_RCC_GetClockConfig
                0x000000000800331c       0x60 ./Drivers/STM32F1xx_HAL_Driver/Src/stm32f1xx_hal_rcc.o
                0x000000000800331c                HAL_RCC_GetClockConfig
 .text.RCC_Delay
                0x000000000800337c       0x3c ./Drivers/STM32F1xx_HAL_Driver/Src/stm32f1xx_hal_rcc.o
 .text.HAL_RCCEx_PeriphCLKConfig
                0x00000000080033b8      0x16c ./Drivers/STM32F1xx_HAL_Driver/Src/stm32f1xx_hal_rcc_ex.o
                0x00000000080033b8                HAL_RCCEx_PeriphCLKConfig
 .text.HAL_RCCEx_GetPeriphCLKFreq
                0x0000000008003524      0x1b0 ./Drivers/STM32F1xx_HAL_Driver/Src/stm32f1xx_hal_rcc_ex.o
                0x0000000008003524                HAL_RCCEx_GetPeriphCLKFreq
 .text.HAL_RTC_Init
                0x00000000080036d4      0x118 ./Drivers/STM32F1xx_HAL_Driver/Src/stm32f1xx_hal_rtc.o
                0x00000000080036d4                HAL_RTC_Init
 .text.HAL_RTC_SetTime
                0x00000000080037ec      0x12e ./Drivers/STM32F1xx_HAL_Driver/Src/stm32f1xx_hal_rtc.o
                0x00000000080037ec                HAL_RTC_SetTime
 *fill*         0x000000000800391a        0x2 
 .text.HAL_RTC_SetDate
                0x000000000800391c      0x16c ./Drivers/STM32F1xx_HAL_Driver/Src/stm32f1xx_hal_rtc.o
                0x000000000800391c                HAL_RTC_SetDate
 .text.HAL_RTC_WaitForSynchro
                0x0000000008003a88       0x5a ./Drivers/STM32F1xx_HAL_Driver/Src/stm32f1xx_hal_rtc.o
                0x0000000008003a88                HAL_RTC_WaitForSynchro
 .text.RTC_ReadTimeCounter
                0x0000000008003ae2       0x60 ./Drivers/STM32F1xx_HAL_Driver/Src/stm32f1xx_hal_rtc.o
 .text.RTC_WriteTimeCounter
                0x0000000008003b42       0x4e ./Drivers/STM32F1xx_HAL_Driver/Src/stm32f1xx_hal_rtc.o
 .text.RTC_ReadAlarmCounter
                0x0000000008003b90       0x32 ./Drivers/STM32F1xx_HAL_Driver/Src/stm32f1xx_hal_rtc.o
 .text.RTC_WriteAlarmCounter
                0x0000000008003bc2       0x4e ./Drivers/STM32F1xx_HAL_Driver/Src/stm32f1xx_hal_rtc.o
 .text.RTC_EnterInitMode
                0x0000000008003c10       0x50 ./Drivers/STM32F1xx_HAL_Driver/Src/stm32f1xx_hal_rtc.o
 .text.RTC_ExitInitMode
                0x0000000008003c60       0x50 ./Drivers/STM32F1xx_HAL_Driver/Src/stm32f1xx_hal_rtc.o
 .text.RTC_Bcd2ToByte
                0x0000000008003cb0       0x3a ./Drivers/STM32F1xx_HAL_Driver/Src/stm32f1xx_hal_rtc.o
 *fill*         0x0000000008003cea        0x2 
 .text.RTC_WeekDayNum
                0x0000000008003cec       0xf0 ./Drivers/STM32F1xx_HAL_Driver/Src/stm32f1xx_hal_rtc.o
 .text.HAL_RTCEx_RTCIRQHandler
                0x0000000008003ddc       0x6e ./Drivers/STM32F1xx_HAL_Driver/Src/stm32f1xx_hal_rtc_ex.o
                0x0000000008003ddc                HAL_RTCEx_RTCIRQHandler
 .text.HAL_RTCEx_RTCEventCallback
                0x0000000008003e4a       0x12 ./Drivers/STM32F1xx_HAL_Driver/Src/stm32f1xx_hal_rtc_ex.o
                0x0000000008003e4a                HAL_RTCEx_RTCEventCallback
 .text.HAL_RTCEx_RTCEventErrorCallback
                0x0000000008003e5c       0x12 ./Drivers/STM32F1xx_HAL_Driver/Src/stm32f1xx_hal_rtc_ex.o
                0x0000000008003e5c                HAL_RTCEx_RTCEventErrorCallback
 .text.HAL_SPI_Init
                0x0000000008003e6e      0x108 ./Drivers/STM32F1xx_HAL_Driver/Src/stm32f1xx_hal_spi.o
                0x0000000008003e6e                HAL_SPI_Init
 *fill*         0x0000000008003f76        0x2 
 .text.HAL_SPI_Receive_DMA
                0x0000000008003f78      0x188 ./Drivers/STM32F1xx_HAL_Driver/Src/stm32f1xx_hal_spi.o
                0x0000000008003f78                HAL_SPI_Receive_DMA
 .text.HAL_SPI_TransmitReceive_DMA
                0x0000000008004100      0x1f4 ./Drivers/STM32F1xx_HAL_Driver/Src/stm32f1xx_hal_spi.o
                0x0000000008004100                HAL_SPI_TransmitReceive_DMA
 .text.HAL_SPI_TxRxCpltCallback
                0x00000000080042f4       0x12 ./Drivers/STM32F1xx_HAL_Driver/Src/stm32f1xx_hal_spi.o
                0x00000000080042f4                HAL_SPI_TxRxCpltCallback
 .text.HAL_SPI_RxHalfCpltCallback
                0x0000000008004306       0x12 ./Drivers/STM32F1xx_HAL_Driver/Src/stm32f1xx_hal_spi.o
                0x0000000008004306                HAL_SPI_RxHalfCpltCallback
 .text.HAL_SPI_TxRxHalfCpltCallback
                0x0000000008004318       0x12 ./Drivers/STM32F1xx_HAL_Driver/Src/stm32f1xx_hal_spi.o
                0x0000000008004318                HAL_SPI_TxRxHalfCpltCallback
 .text.HAL_SPI_ErrorCallback
                0x000000000800432a       0x12 ./Drivers/STM32F1xx_HAL_Driver/Src/stm32f1xx_hal_spi.o
                0x000000000800432a                HAL_SPI_ErrorCallback
 .text.SPI_DMAReceiveCplt
                0x000000000800433c       0xa6 ./Drivers/STM32F1xx_HAL_Driver/Src/stm32f1xx_hal_spi.o
 .text.SPI_DMATransmitReceiveCplt
                0x00000000080043e2       0x8e ./Drivers/STM32F1xx_HAL_Driver/Src/stm32f1xx_hal_spi.o
 .text.SPI_DMAHalfReceiveCplt
                0x0000000008004470       0x1c ./Drivers/STM32F1xx_HAL_Driver/Src/stm32f1xx_hal_spi.o
 .text.SPI_DMAHalfTransmitReceiveCplt
                0x000000000800448c       0x1c ./Drivers/STM32F1xx_HAL_Driver/Src/stm32f1xx_hal_spi.o
 .text.SPI_DMAError
                0x00000000080044a8       0x40 ./Drivers/STM32F1xx_HAL_Driver/Src/stm32f1xx_hal_spi.o
 .text.SPI_WaitFlagStateUntilTimeout
                0x00000000080044e8      0x110 ./Drivers/STM32F1xx_HAL_Driver/Src/stm32f1xx_hal_spi.o
 .text.SPI_EndRxTransaction
                0x00000000080045f8       0xa4 ./Drivers/STM32F1xx_HAL_Driver/Src/stm32f1xx_hal_spi.o
 .text.SPI_EndRxTxTransaction
                0x000000000800469c       0x3c ./Drivers/STM32F1xx_HAL_Driver/Src/stm32f1xx_hal_spi.o
 .text.HAL_TIM_Base_Init
                0x00000000080046d8       0x9e ./Drivers/STM32F1xx_HAL_Driver/Src/stm32f1xx_hal_tim.o
                0x00000000080046d8                HAL_TIM_Base_Init
 *fill*         0x0000000008004776        0x2 
 .text.HAL_TIM_Base_Start_IT
                0x0000000008004778       0xc0 ./Drivers/STM32F1xx_HAL_Driver/Src/stm32f1xx_hal_tim.o
                0x0000000008004778                HAL_TIM_Base_Start_IT
 .text.HAL_TIM_IRQHandler
                0x0000000008004838      0x210 ./Drivers/STM32F1xx_HAL_Driver/Src/stm32f1xx_hal_tim.o
                0x0000000008004838                HAL_TIM_IRQHandler
 .text.HAL_TIM_OC_DelayElapsedCallback
                0x0000000008004a48       0x12 ./Drivers/STM32F1xx_HAL_Driver/Src/stm32f1xx_hal_tim.o
                0x0000000008004a48                HAL_TIM_OC_DelayElapsedCallback
 .text.HAL_TIM_IC_CaptureCallback
                0x0000000008004a5a       0x12 ./Drivers/STM32F1xx_HAL_Driver/Src/stm32f1xx_hal_tim.o
                0x0000000008004a5a                HAL_TIM_IC_CaptureCallback
 .text.HAL_TIM_PWM_PulseFinishedCallback
                0x0000000008004a6c       0x12 ./Drivers/STM32F1xx_HAL_Driver/Src/stm32f1xx_hal_tim.o
                0x0000000008004a6c                HAL_TIM_PWM_PulseFinishedCallback
 .text.HAL_TIM_TriggerCallback
                0x0000000008004a7e       0x12 ./Drivers/STM32F1xx_HAL_Driver/Src/stm32f1xx_hal_tim.o
                0x0000000008004a7e                HAL_TIM_TriggerCallback
 .text.TIM_Base_SetConfig
                0x0000000008004a90       0xf4 ./Drivers/STM32F1xx_HAL_Driver/Src/stm32f1xx_hal_tim.o
                0x0000000008004a90                TIM_Base_SetConfig
 .text.HAL_TIMEx_MasterConfigSynchronization
                0x0000000008004b84       0xd8 ./Drivers/STM32F1xx_HAL_Driver/Src/stm32f1xx_hal_tim_ex.o
                0x0000000008004b84                HAL_TIMEx_MasterConfigSynchronization
 .text.HAL_TIMEx_CommutCallback
                0x0000000008004c5c       0x12 ./Drivers/STM32F1xx_HAL_Driver/Src/stm32f1xx_hal_tim_ex.o
                0x0000000008004c5c                HAL_TIMEx_CommutCallback
 .text.HAL_TIMEx_BreakCallback
                0x0000000008004c6e       0x12 ./Drivers/STM32F1xx_HAL_Driver/Src/stm32f1xx_hal_tim_ex.o
                0x0000000008004c6e                HAL_TIMEx_BreakCallback
 .text.HAL_UART_Init
                0x0000000008004c80       0xa0 ./Drivers/STM32F1xx_HAL_Driver/Src/stm32f1xx_hal_uart.o
                0x0000000008004c80                HAL_UART_Init
 .text.UART_SetConfig
                0x0000000008004d20      0x11c ./Drivers/STM32F1xx_HAL_Driver/Src/stm32f1xx_hal_uart.o
 .text.osKernelInitialize
                0x0000000008004e3c       0x64 ./Middlewares/Third_Party/FreeRTOS/Source/CMSIS_RTOS_V2/cmsis_os2.o
                0x0000000008004e3c                osKernelInitialize
 .text.osKernelStart
                0x0000000008004ea0       0x68 ./Middlewares/Third_Party/FreeRTOS/Source/CMSIS_RTOS_V2/cmsis_os2.o
                0x0000000008004ea0                osKernelStart
 .text.osThreadNew
                0x0000000008004f08      0x154 ./Middlewares/Third_Party/FreeRTOS/Source/CMSIS_RTOS_V2/cmsis_os2.o
                0x0000000008004f08                osThreadNew
 .text.osDelay  0x000000000800505c       0x5c ./Middlewares/Third_Party/FreeRTOS/Source/CMSIS_RTOS_V2/cmsis_os2.o
                0x000000000800505c                osDelay
 .text.osEventFlagsNew
                0x00000000080050b8       0xa4 ./Middlewares/Third_Party/FreeRTOS/Source/CMSIS_RTOS_V2/cmsis_os2.o
                0x00000000080050b8                osEventFlagsNew
 .text.vApplicationGetIdleTaskMemory
                0x000000000800515c       0x30 ./Middlewares/Third_Party/FreeRTOS/Source/CMSIS_RTOS_V2/cmsis_os2.o
                0x000000000800515c                vApplicationGetIdleTaskMemory
 .text.vApplicationGetTimerTaskMemory
                0x000000000800518c       0x34 ./Middlewares/Third_Party/FreeRTOS/Source/CMSIS_RTOS_V2/cmsis_os2.o
                0x000000000800518c                vApplicationGetTimerTaskMemory
 .text.xEventGroupCreateStatic
                0x00000000080051c0       0x6e ./Middlewares/Third_Party/FreeRTOS/Source/event_groups.o
                0x00000000080051c0                xEventGroupCreateStatic
 .text.xEventGroupCreate
                0x000000000800522e       0x34 ./Middlewares/Third_Party/FreeRTOS/Source/event_groups.o
                0x000000000800522e                xEventGroupCreate
 *fill*         0x0000000008005262        0x2 
 .text.xEventGroupWaitBits
                0x0000000008005264      0x19c ./Middlewares/Third_Party/FreeRTOS/Source/event_groups.o
                0x0000000008005264                xEventGroupWaitBits
 .text.xEventGroupClearBits
                0x0000000008005400       0x70 ./Middlewares/Third_Party/FreeRTOS/Source/event_groups.o
                0x0000000008005400                xEventGroupClearBits
 .text.xEventGroupSetBits
                0x0000000008005470      0x116 ./Middlewares/Third_Party/FreeRTOS/Source/event_groups.o
                0x0000000008005470                xEventGroupSetBits
 .text.vEventGroupSetBitsCallback
                0x0000000008005586       0x1a ./Middlewares/Third_Party/FreeRTOS/Source/event_groups.o
                0x0000000008005586                vEventGroupSetBitsCallback
 .text.prvTestWaitCondition
                0x00000000080055a0       0x42 ./Middlewares/Third_Party/FreeRTOS/Source/event_groups.o
 *fill*         0x00000000080055e2        0x2 
 .text.xEventGroupSetBitsFromISR
                0x00000000080055e4       0x28 ./Middlewares/Third_Party/FreeRTOS/Source/event_groups.o
                0x00000000080055e4                xEventGroupSetBitsFromISR
 .text.vListInitialise
                0x000000000800560c       0x3e ./Middlewares/Third_Party/FreeRTOS/Source/list.o
                0x000000000800560c                vListInitialise
 .text.vListInitialiseItem
                0x000000000800564a       0x18 ./Middlewares/Third_Party/FreeRTOS/Source/list.o
                0x000000000800564a                vListInitialiseItem
 .text.vListInsertEnd
                0x0000000008005662       0x46 ./Middlewares/Third_Party/FreeRTOS/Source/list.o
                0x0000000008005662                vListInsertEnd
 .text.vListInsert
                0x00000000080056a8       0x70 ./Middlewares/Third_Party/FreeRTOS/Source/list.o
                0x00000000080056a8                vListInsert
 .text.uxListRemove
                0x0000000008005718       0x52 ./Middlewares/Third_Party/FreeRTOS/Source/list.o
                0x0000000008005718                uxListRemove
 *fill*         0x000000000800576a        0x2 
 .text.xQueueGenericReset
                0x000000000800576c       0xd0 ./Middlewares/Third_Party/FreeRTOS/Source/queue.o
                0x000000000800576c                xQueueGenericReset
 .text.xQueueGenericCreateStatic
                0x000000000800583c       0xee ./Middlewares/Third_Party/FreeRTOS/Source/queue.o
                0x000000000800583c                xQueueGenericCreateStatic
 .text.prvInitialiseNewQueue
                0x000000000800592a       0x46 ./Middlewares/Third_Party/FreeRTOS/Source/queue.o
 .text.xQueueGenericSend
                0x0000000008005970      0x1fc ./Middlewares/Third_Party/FreeRTOS/Source/queue.o
                0x0000000008005970                xQueueGenericSend
 .text.xQueueGenericSendFromISR
                0x0000000008005b6c      0x130 ./Middlewares/Third_Party/FreeRTOS/Source/queue.o
                0x0000000008005b6c                xQueueGenericSendFromISR
 .text.xQueueReceive
                0x0000000008005c9c      0x1c0 ./Middlewares/Third_Party/FreeRTOS/Source/queue.o
                0x0000000008005c9c                xQueueReceive
 .text.prvCopyDataToQueue
                0x0000000008005e5c       0xd4 ./Middlewares/Third_Party/FreeRTOS/Source/queue.o
 .text.prvCopyDataFromQueue
                0x0000000008005f30       0x4c ./Middlewares/Third_Party/FreeRTOS/Source/queue.o
 .text.prvUnlockQueue
                0x0000000008005f7c       0xa4 ./Middlewares/Third_Party/FreeRTOS/Source/queue.o
 .text.prvIsQueueEmpty
                0x0000000008006020       0x2c ./Middlewares/Third_Party/FreeRTOS/Source/queue.o
 .text.prvIsQueueFull
                0x000000000800604c       0x30 ./Middlewares/Third_Party/FreeRTOS/Source/queue.o
 .text.vQueueAddToRegistry
                0x000000000800607c       0x50 ./Middlewares/Third_Party/FreeRTOS/Source/queue.o
                0x000000000800607c                vQueueAddToRegistry
 .text.vQueueWaitForMessageRestricted
                0x00000000080060cc       0x68 ./Middlewares/Third_Party/FreeRTOS/Source/queue.o
                0x00000000080060cc                vQueueWaitForMessageRestricted
 .text.xTaskCreateStatic
                0x0000000008006134       0xb8 ./Middlewares/Third_Party/FreeRTOS/Source/tasks.o
                0x0000000008006134                xTaskCreateStatic
 .text.xTaskCreate
                0x00000000080061ec       0x8a ./Middlewares/Third_Party/FreeRTOS/Source/tasks.o
                0x00000000080061ec                xTaskCreate
 *fill*         0x0000000008006276        0x2 
 .text.prvInitialiseNewTask
                0x0000000008006278      0x13c ./Middlewares/Third_Party/FreeRTOS/Source/tasks.o
 .text.prvAddNewTaskToReadyList
                0x00000000080063b4       0xe0 ./Middlewares/Third_Party/FreeRTOS/Source/tasks.o
 .text.vTaskDelay
                0x0000000008006494       0x68 ./Middlewares/Third_Party/FreeRTOS/Source/tasks.o
                0x0000000008006494                vTaskDelay
 .text.vTaskStartScheduler
                0x00000000080064fc       0xe0 ./Middlewares/Third_Party/FreeRTOS/Source/tasks.o
                0x00000000080064fc                vTaskStartScheduler
 .text.vTaskSuspendAll
                0x00000000080065dc       0x1c ./Middlewares/Third_Party/FreeRTOS/Source/tasks.o
                0x00000000080065dc                vTaskSuspendAll
 .text.xTaskResumeAll
                0x00000000080065f8      0x13c ./Middlewares/Third_Party/FreeRTOS/Source/tasks.o
                0x00000000080065f8                xTaskResumeAll
 .text.xTaskGetTickCount
                0x0000000008006734       0x1c ./Middlewares/Third_Party/FreeRTOS/Source/tasks.o
                0x0000000008006734                xTaskGetTickCount
 .text.xTaskIncrementTick
                0x0000000008006750      0x17c ./Middlewares/Third_Party/FreeRTOS/Source/tasks.o
                0x0000000008006750                xTaskIncrementTick
 .text.vTaskSwitchContext
                0x00000000080068cc       0xc8 ./Middlewares/Third_Party/FreeRTOS/Source/tasks.o
                0x00000000080068cc                vTaskSwitchContext
 .text.vTaskPlaceOnEventList
                0x0000000008006994       0x48 ./Middlewares/Third_Party/FreeRTOS/Source/tasks.o
                0x0000000008006994                vTaskPlaceOnEventList
 .text.vTaskPlaceOnUnorderedEventList
                0x00000000080069dc       0x78 ./Middlewares/Third_Party/FreeRTOS/Source/tasks.o
                0x00000000080069dc                vTaskPlaceOnUnorderedEventList
 .text.vTaskPlaceOnEventListRestricted
                0x0000000008006a54       0x58 ./Middlewares/Third_Party/FreeRTOS/Source/tasks.o
                0x0000000008006a54                vTaskPlaceOnEventListRestricted
 .text.xTaskRemoveFromEventList
                0x0000000008006aac       0xc8 ./Middlewares/Third_Party/FreeRTOS/Source/tasks.o
                0x0000000008006aac                xTaskRemoveFromEventList
 .text.vTaskRemoveFromUnorderedEventList
                0x0000000008006b74       0xc4 ./Middlewares/Third_Party/FreeRTOS/Source/tasks.o
                0x0000000008006b74                vTaskRemoveFromUnorderedEventList
 .text.vTaskInternalSetTimeOutState
                0x0000000008006c38       0x2c ./Middlewares/Third_Party/FreeRTOS/Source/tasks.o
                0x0000000008006c38                vTaskInternalSetTimeOutState
 .text.xTaskCheckForTimeOut
                0x0000000008006c64       0xc4 ./Middlewares/Third_Party/FreeRTOS/Source/tasks.o
                0x0000000008006c64                xTaskCheckForTimeOut
 .text.vTaskMissedYield
                0x0000000008006d28       0x18 ./Middlewares/Third_Party/FreeRTOS/Source/tasks.o
                0x0000000008006d28                vTaskMissedYield
 .text.prvIdleTask
                0x0000000008006d40       0x30 ./Middlewares/Third_Party/FreeRTOS/Source/tasks.o
 .text.prvInitialiseTaskLists
                0x0000000008006d70       0x80 ./Middlewares/Third_Party/FreeRTOS/Source/tasks.o
 .text.prvCheckTasksWaitingTermination
                0x0000000008006df0       0x5c ./Middlewares/Third_Party/FreeRTOS/Source/tasks.o
 .text.prvDeleteTCB
                0x0000000008006e4c       0x68 ./Middlewares/Third_Party/FreeRTOS/Source/tasks.o
 .text.prvResetNextTaskUnblockTime
                0x0000000008006eb4       0x48 ./Middlewares/Third_Party/FreeRTOS/Source/tasks.o
 .text.xTaskGetSchedulerState
                0x0000000008006efc       0x3c ./Middlewares/Third_Party/FreeRTOS/Source/tasks.o
                0x0000000008006efc                xTaskGetSchedulerState
 .text.xTaskPriorityDisinherit
                0x0000000008006f38       0xdc ./Middlewares/Third_Party/FreeRTOS/Source/tasks.o
                0x0000000008006f38                xTaskPriorityDisinherit
 .text.uxTaskResetEventItemValue
                0x0000000008007014       0x30 ./Middlewares/Third_Party/FreeRTOS/Source/tasks.o
                0x0000000008007014                uxTaskResetEventItemValue
 .text.prvAddCurrentTaskToDelayedList
                0x0000000008007044       0xa8 ./Middlewares/Third_Party/FreeRTOS/Source/tasks.o
 .text.xTimerCreateTimerTask
                0x00000000080070ec       0x90 ./Middlewares/Third_Party/FreeRTOS/Source/timers.o
                0x00000000080070ec                xTimerCreateTimerTask
 .text.xTimerGenericCommand
                0x000000000800717c       0x9c ./Middlewares/Third_Party/FreeRTOS/Source/timers.o
                0x000000000800717c                xTimerGenericCommand
 .text.prvProcessExpiredTimer
                0x0000000008007218       0x80 ./Middlewares/Third_Party/FreeRTOS/Source/timers.o
 .text.prvTimerTask
                0x0000000008007298       0x24 ./Middlewares/Third_Party/FreeRTOS/Source/timers.o
 .text.prvProcessTimerOrBlockTask
                0x00000000080072bc       0x9c ./Middlewares/Third_Party/FreeRTOS/Source/timers.o
 .text.prvGetNextExpireTime
                0x0000000008007358       0x48 ./Middlewares/Third_Party/FreeRTOS/Source/timers.o
 .text.prvSampleTimeNow
                0x00000000080073a0       0x40 ./Middlewares/Third_Party/FreeRTOS/Source/timers.o
 .text.prvInsertTimerInActiveList
                0x00000000080073e0       0x84 ./Middlewares/Third_Party/FreeRTOS/Source/timers.o
 .text.prvProcessReceivedCommands
                0x0000000008007464      0x168 ./Middlewares/Third_Party/FreeRTOS/Source/timers.o
 .text.prvSwitchTimerLists
                0x00000000080075cc       0xc4 ./Middlewares/Third_Party/FreeRTOS/Source/timers.o
 .text.prvCheckForValidListAndQueue
                0x0000000008007690       0x80 ./Middlewares/Third_Party/FreeRTOS/Source/timers.o
 .text.xTimerPendFunctionCallFromISR
                0x0000000008007710       0x40 ./Middlewares/Third_Party/FreeRTOS/Source/timers.o
                0x0000000008007710                xTimerPendFunctionCallFromISR
 .text.pxPortInitialiseStack
                0x0000000008007750       0x58 ./Middlewares/Third_Party/FreeRTOS/Source/portable/GCC/ARM_CM3/port.o
                0x0000000008007750                pxPortInitialiseStack
 .text.prvTaskExitError
                0x00000000080077a8       0x58 ./Middlewares/Third_Party/FreeRTOS/Source/portable/GCC/ARM_CM3/port.o
 .text.SVC_Handler
                0x0000000008007800       0x28 ./Middlewares/Third_Party/FreeRTOS/Source/portable/GCC/ARM_CM3/port.o
                0x0000000008007800                SVC_Handler
 .text.prvPortStartFirstTask
                0x0000000008007828       0x20 ./Middlewares/Third_Party/FreeRTOS/Source/portable/GCC/ARM_CM3/port.o
 .text.xPortStartScheduler
                0x0000000008007848       0xe4 ./Middlewares/Third_Party/FreeRTOS/Source/portable/GCC/ARM_CM3/port.o
                0x0000000008007848                xPortStartScheduler
 .text.vPortEnterCritical
                0x000000000800792c       0x60 ./Middlewares/Third_Party/FreeRTOS/Source/portable/GCC/ARM_CM3/port.o
                0x000000000800792c                vPortEnterCritical
 .text.vPortExitCritical
                0x000000000800798c       0x50 ./Middlewares/Third_Party/FreeRTOS/Source/portable/GCC/ARM_CM3/port.o
                0x000000000800798c                vPortExitCritical
 *fill*         0x00000000080079dc        0x4 
 .text.PendSV_Handler
                0x00000000080079e0       0x48 ./Middlewares/Third_Party/FreeRTOS/Source/portable/GCC/ARM_CM3/port.o
                0x00000000080079e0                PendSV_Handler
 .text.SysTick_Handler
                0x0000000008007a28       0x44 ./Middlewares/Third_Party/FreeRTOS/Source/portable/GCC/ARM_CM3/port.o
                0x0000000008007a28                SysTick_Handler
 .text.vPortSetupTimerInterrupt
                0x0000000008007a6c       0x44 ./Middlewares/Third_Party/FreeRTOS/Source/portable/GCC/ARM_CM3/port.o
                0x0000000008007a6c                vPortSetupTimerInterrupt
 .text.vPortValidateInterruptPriority
                0x0000000008007ab0       0x7c ./Middlewares/Third_Party/FreeRTOS/Source/portable/GCC/ARM_CM3/port.o
                0x0000000008007ab0                vPortValidateInterruptPriority
 .text.pvPortMalloc
                0x0000000008007b2c      0x188 ./Middlewares/Third_Party/FreeRTOS/Source/portable/MemMang/heap_4.o
                0x0000000008007b2c                pvPortMalloc
 .text.vPortFree
                0x0000000008007cb4       0xb4 ./Middlewares/Third_Party/FreeRTOS/Source/portable/MemMang/heap_4.o
                0x0000000008007cb4                vPortFree
 .text.prvHeapInit
                0x0000000008007d68       0xc4 ./Middlewares/Third_Party/FreeRTOS/Source/portable/MemMang/heap_4.o
 .text.prvInsertBlockIntoFreeList
                0x0000000008007e2c       0xb0 ./Middlewares/Third_Party/FreeRTOS/Source/portable/MemMang/heap_4.o
 .text.memset   0x0000000008007edc       0x10 C:/ST/STM32CubeIDE_1.12.0/STM32CubeIDE/plugins/com.st.stm32cube.ide.mcu.externaltools.gnu-tools-for-stm32.11.3.rel1.win32_1.1.0.202305231506/tools/bin/../lib/gcc/arm-none-eabi/11.3.1/../../../../arm-none-eabi/lib/thumb/v7-m/nofp\libc_nano.a(libc_a-memset.o)
                0x0000000008007edc                memset
 .text._reclaim_reent
                0x0000000008007eec       0xac C:/ST/STM32CubeIDE_1.12.0/STM32CubeIDE/plugins/com.st.stm32cube.ide.mcu.externaltools.gnu-tools-for-stm32.11.3.rel1.win32_1.1.0.202305231506/tools/bin/../lib/gcc/arm-none-eabi/11.3.1/../../../../arm-none-eabi/lib/thumb/v7-m/nofp\libc_nano.a(libc_a-reent.o)
                0x0000000008007eec                _reclaim_reent
 .text.__libc_init_array
                0x0000000008007f98       0x48 C:/ST/STM32CubeIDE_1.12.0/STM32CubeIDE/plugins/com.st.stm32cube.ide.mcu.externaltools.gnu-tools-for-stm32.11.3.rel1.win32_1.1.0.202305231506/tools/bin/../lib/gcc/arm-none-eabi/11.3.1/../../../../arm-none-eabi/lib/thumb/v7-m/nofp\libc_nano.a(libc_a-init.o)
                0x0000000008007f98                __libc_init_array
 .text.__retarget_lock_acquire_recursive
                0x0000000008007fe0        0x2 C:/ST/STM32CubeIDE_1.12.0/STM32CubeIDE/plugins/com.st.stm32cube.ide.mcu.externaltools.gnu-tools-for-stm32.11.3.rel1.win32_1.1.0.202305231506/tools/bin/../lib/gcc/arm-none-eabi/11.3.1/../../../../arm-none-eabi/lib/thumb/v7-m/nofp\libc_nano.a(libc_a-lock.o)
                0x0000000008007fe0                __retarget_lock_acquire_recursive
 .text.__retarget_lock_release_recursive
                0x0000000008007fe2        0x2 C:/ST/STM32CubeIDE_1.12.0/STM32CubeIDE/plugins/com.st.stm32cube.ide.mcu.externaltools.gnu-tools-for-stm32.11.3.rel1.win32_1.1.0.202305231506/tools/bin/../lib/gcc/arm-none-eabi/11.3.1/../../../../arm-none-eabi/lib/thumb/v7-m/nofp\libc_nano.a(libc_a-lock.o)
                0x0000000008007fe2                __retarget_lock_release_recursive
 .text.memcpy   0x0000000008007fe4       0x1c C:/ST/STM32CubeIDE_1.12.0/STM32CubeIDE/plugins/com.st.stm32cube.ide.mcu.externaltools.gnu-tools-for-stm32.11.3.rel1.win32_1.1.0.202305231506/tools/bin/../lib/gcc/arm-none-eabi/11.3.1/../../../../arm-none-eabi/lib/thumb/v7-m/nofp\libc_nano.a(libc_a-memcpy-stub.o)
                0x0000000008007fe4                memcpy
 .text._free_r  0x0000000008008000       0x90 C:/ST/STM32CubeIDE_1.12.0/STM32CubeIDE/plugins/com.st.stm32cube.ide.mcu.externaltools.gnu-tools-for-stm32.11.3.rel1.win32_1.1.0.202305231506/tools/bin/../lib/gcc/arm-none-eabi/11.3.1/../../../../arm-none-eabi/lib/thumb/v7-m/nofp\libc_nano.a(libc_a-freer.o)
                0x0000000008008000                _free_r
 .text.__malloc_lock
                0x0000000008008090        0xc C:/ST/STM32CubeIDE_1.12.0/STM32CubeIDE/plugins/com.st.stm32cube.ide.mcu.externaltools.gnu-tools-for-stm32.11.3.rel1.win32_1.1.0.202305231506/tools/bin/../lib/gcc/arm-none-eabi/11.3.1/../../../../arm-none-eabi/lib/thumb/v7-m/nofp\libc_nano.a(libc_a-mlock.o)
                0x0000000008008090                __malloc_lock
 .text.__malloc_unlock
                0x000000000800809c        0xc C:/ST/STM32CubeIDE_1.12.0/STM32CubeIDE/plugins/com.st.stm32cube.ide.mcu.externaltools.gnu-tools-for-stm32.11.3.rel1.win32_1.1.0.202305231506/tools/bin/../lib/gcc/arm-none-eabi/11.3.1/../../../../arm-none-eabi/lib/thumb/v7-m/nofp\libc_nano.a(libc_a-mlock.o)
                0x000000000800809c                __malloc_unlock
 *(.glue_7)
 .glue_7        0x00000000080080a8        0x0 linker stubs
 *(.glue_7t)
 .glue_7t       0x00000000080080a8        0x0 linker stubs
 *(.eh_frame)
 .eh_frame      0x00000000080080a8        0x0 C:/ST/STM32CubeIDE_1.12.0/STM32CubeIDE/plugins/com.st.stm32cube.ide.mcu.externaltools.gnu-tools-for-stm32.11.3.rel1.win32_1.1.0.202305231506/tools/bin/../lib/gcc/arm-none-eabi/11.3.1/thumb/v7-m/nofp/crtbegin.o
 *(.init)
 .init          0x00000000080080a8        0x4 C:/ST/STM32CubeIDE_1.12.0/STM32CubeIDE/plugins/com.st.stm32cube.ide.mcu.externaltools.gnu-tools-for-stm32.11.3.rel1.win32_1.1.0.202305231506/tools/bin/../lib/gcc/arm-none-eabi/11.3.1/thumb/v7-m/nofp/crti.o
                0x00000000080080a8                _init
 .init          0x00000000080080ac        0x8 C:/ST/STM32CubeIDE_1.12.0/STM32CubeIDE/plugins/com.st.stm32cube.ide.mcu.externaltools.gnu-tools-for-stm32.11.3.rel1.win32_1.1.0.202305231506/tools/bin/../lib/gcc/arm-none-eabi/11.3.1/thumb/v7-m/nofp/crtn.o
 *(.fini)
 .fini          0x00000000080080b4        0x4 C:/ST/STM32CubeIDE_1.12.0/STM32CubeIDE/plugins/com.st.stm32cube.ide.mcu.externaltools.gnu-tools-for-stm32.11.3.rel1.win32_1.1.0.202305231506/tools/bin/../lib/gcc/arm-none-eabi/11.3.1/thumb/v7-m/nofp/crti.o
                0x00000000080080b4                _fini
 .fini          0x00000000080080b8        0x8 C:/ST/STM32CubeIDE_1.12.0/STM32CubeIDE/plugins/com.st.stm32cube.ide.mcu.externaltools.gnu-tools-for-stm32.11.3.rel1.win32_1.1.0.202305231506/tools/bin/../lib/gcc/arm-none-eabi/11.3.1/thumb/v7-m/nofp/crtn.o
                0x00000000080080c0                . = ALIGN (0x4)
                0x00000000080080c0                _etext = .

.vfp11_veneer   0x00000000080080c0        0x0
 .vfp11_veneer  0x00000000080080c0        0x0 linker stubs

.v4_bx          0x00000000080080c0        0x0
 .v4_bx         0x00000000080080c0        0x0 linker stubs

.iplt           0x00000000080080c0        0x0
 .iplt          0x00000000080080c0        0x0 C:/ST/STM32CubeIDE_1.12.0/STM32CubeIDE/plugins/com.st.stm32cube.ide.mcu.externaltools.gnu-tools-for-stm32.11.3.rel1.win32_1.1.0.202305231506/tools/bin/../lib/gcc/arm-none-eabi/11.3.1/thumb/v7-m/nofp/crtbegin.o

.rodata         0x00000000080080c0      0x1cc
                0x00000000080080c0                . = ALIGN (0x4)
 *(.rodata)
 .rodata        0x00000000080080c0       0x57 ./Core/Src/main.o
 *fill*         0x0000000008008117        0x1 
 .rodata        0x0000000008008118        0x5 ./Middlewares/Third_Party/FreeRTOS/Source/tasks.o
 *fill*         0x000000000800811d        0x3 
 .rodata        0x0000000008008120        0xd ./Middlewares/Third_Party/FreeRTOS/Source/timers.o
 *(.rodata*)
 *fill*         0x000000000800812d        0x3 
 .rodata.xDinPortConfig
                0x0000000008008130       0x48 ./Core/Src/DIN_DOUT.o
                0x0000000008008130                xDinPortConfig
 .rodata.defaultTask_attributes
                0x0000000008008178       0x24 ./Core/Src/main.o
                0x0000000008008178                defaultTask_attributes
 .rodata.LCD_attributes
                0x000000000800819c       0x24 ./Core/Src/main.o
                0x000000000800819c                LCD_attributes
 .rodata.DIN_DOUT_Task_attributes
                0x00000000080081c0       0x24 ./Core/Src/main.o
                0x00000000080081c0                DIN_DOUT_Task_attributes
 .rodata.KeyboardTask_attributes
                0x00000000080081e4       0x24 ./Core/Src/main.o
                0x00000000080081e4                KeyboardTask_attributes
 .rodata.LAP_task_attributes
                0x0000000008008208       0x24 ./Core/Src/main.o
                0x0000000008008208                LAP_task_attributes
 .rodata.TimersEvent_attributes
                0x000000000800822c       0x10 ./Core/Src/main.o
                0x000000000800822c                TimersEvent_attributes
 .rodata.DIN_DOUT_EVENT_attributes
                0x000000000800823c       0x10 ./Core/Src/main.o
                0x000000000800823c                DIN_DOUT_EVENT_attributes
 .rodata.AHBPrescTable
                0x000000000800824c       0x10 ./Core/Src/system_stm32f1xx.o
                0x000000000800824c                AHBPrescTable
 .rodata.APBPrescTable
                0x000000000800825c        0x8 ./Core/Src/system_stm32f1xx.o
                0x000000000800825c                APBPrescTable
 .rodata.aPLLMULFactorTable.1
                0x0000000008008264       0x10 ./Drivers/STM32F1xx_HAL_Driver/Src/stm32f1xx_hal_rcc.o
 .rodata.aPredivFactorTable.0
                0x0000000008008274        0x2 ./Drivers/STM32F1xx_HAL_Driver/Src/stm32f1xx_hal_rcc.o
 *fill*         0x0000000008008276        0x2 
 .rodata.aPLLMULFactorTable.1
                0x0000000008008278       0x10 ./Drivers/STM32F1xx_HAL_Driver/Src/stm32f1xx_hal_rcc_ex.o
 .rodata.aPredivFactorTable.0
                0x0000000008008288        0x2 ./Drivers/STM32F1xx_HAL_Driver/Src/stm32f1xx_hal_rcc_ex.o
                0x000000000800828c                . = ALIGN (0x4)
 *fill*         0x000000000800828a        0x2 

.rel.dyn        0x000000000800828c        0x0
 .rel.iplt      0x000000000800828c        0x0 C:/ST/STM32CubeIDE_1.12.0/STM32CubeIDE/plugins/com.st.stm32cube.ide.mcu.externaltools.gnu-tools-for-stm32.11.3.rel1.win32_1.1.0.202305231506/tools/bin/../lib/gcc/arm-none-eabi/11.3.1/thumb/v7-m/nofp/crtbegin.o

.ARM.extab      0x000000000800828c        0x0
                0x000000000800828c                . = ALIGN (0x4)
 *(.ARM.extab* .gnu.linkonce.armextab.*)
                0x000000000800828c                . = ALIGN (0x4)

.ARM            0x000000000800828c        0x0
                0x000000000800828c                . = ALIGN (0x4)
                0x000000000800828c                __exidx_start = .
 *(.ARM.exidx*)
                0x000000000800828c                __exidx_end = .
                0x000000000800828c                . = ALIGN (0x4)

.preinit_array  0x000000000800828c        0x0
                0x000000000800828c                . = ALIGN (0x4)
                0x000000000800828c                PROVIDE (__preinit_array_start = .)
 *(.preinit_array*)
                0x000000000800828c                PROVIDE (__preinit_array_end = .)
                0x000000000800828c                . = ALIGN (0x4)

.init_array     0x000000000800828c        0x4
                0x000000000800828c                . = ALIGN (0x4)
                0x000000000800828c                PROVIDE (__init_array_start = .)
 *(SORT_BY_NAME(.init_array.*))
 *(.init_array*)
 .init_array    0x000000000800828c        0x4 C:/ST/STM32CubeIDE_1.12.0/STM32CubeIDE/plugins/com.st.stm32cube.ide.mcu.externaltools.gnu-tools-for-stm32.11.3.rel1.win32_1.1.0.202305231506/tools/bin/../lib/gcc/arm-none-eabi/11.3.1/thumb/v7-m/nofp/crtbegin.o
                0x0000000008008290                PROVIDE (__init_array_end = .)
                0x0000000008008290                . = ALIGN (0x4)

.fini_array     0x0000000008008290        0x4
                0x0000000008008290                . = ALIGN (0x4)
                [!provide]                        PROVIDE (__fini_array_start = .)
 *(SORT_BY_NAME(.fini_array.*))
 *(.fini_array*)
 .fini_array    0x0000000008008290        0x4 C:/ST/STM32CubeIDE_1.12.0/STM32CubeIDE/plugins/com.st.stm32cube.ide.mcu.externaltools.gnu-tools-for-stm32.11.3.rel1.win32_1.1.0.202305231506/tools/bin/../lib/gcc/arm-none-eabi/11.3.1/thumb/v7-m/nofp/crtbegin.o
                [!provide]                        PROVIDE (__fini_array_end = .)
                0x0000000008008294                . = ALIGN (0x4)
                0x0000000008008294                _sidata = LOADADDR (.data)

.data           0x0000000020000000       0x60 load address 0x0000000008008294
                0x0000000020000000                . = ALIGN (0x4)
                0x0000000020000000                _sdata = .
 *(.data)
 *(.data*)
 .data.CODES    0x0000000020000000        0x4 ./Core/Src/DIN_DOUT.o
 .data.SystemCoreClock
                0x0000000020000004        0x4 ./Core/Src/system_stm32f1xx.o
                0x0000000020000004                SystemCoreClock
 .data.uwTickPrio
                0x0000000020000008        0x4 ./Drivers/STM32F1xx_HAL_Driver/Src/stm32f1xx_hal.o
                0x0000000020000008                uwTickPrio
 .data.uxCriticalNesting
                0x000000002000000c        0x4 ./Middlewares/Third_Party/FreeRTOS/Source/portable/GCC/ARM_CM3/port.o
 .data._impure_data
                0x0000000020000010       0x4c C:/ST/STM32CubeIDE_1.12.0/STM32CubeIDE/plugins/com.st.stm32cube.ide.mcu.externaltools.gnu-tools-for-stm32.11.3.rel1.win32_1.1.0.202305231506/tools/bin/../lib/gcc/arm-none-eabi/11.3.1/../../../../arm-none-eabi/lib/thumb/v7-m/nofp\libc_nano.a(libc_a-impure.o)
                0x0000000020000010                _impure_data
 .data._impure_ptr
                0x000000002000005c        0x4 C:/ST/STM32CubeIDE_1.12.0/STM32CubeIDE/plugins/com.st.stm32cube.ide.mcu.externaltools.gnu-tools-for-stm32.11.3.rel1.win32_1.1.0.202305231506/tools/bin/../lib/gcc/arm-none-eabi/11.3.1/../../../../arm-none-eabi/lib/thumb/v7-m/nofp\libc_nano.a(libc_a-impure.o)
                0x000000002000005c                _impure_ptr
 *(.RamFunc)
 *(.RamFunc*)
                0x0000000020000060                . = ALIGN (0x4)
                0x0000000020000060                _edata = .

.igot.plt       0x0000000020000060        0x0 load address 0x00000000080082f4
 .igot.plt      0x0000000020000060        0x0 C:/ST/STM32CubeIDE_1.12.0/STM32CubeIDE/plugins/com.st.stm32cube.ide.mcu.externaltools.gnu-tools-for-stm32.11.3.rel1.win32_1.1.0.202305231506/tools/bin/../lib/gcc/arm-none-eabi/11.3.1/thumb/v7-m/nofp/crtbegin.o
                0x0000000020000060                . = ALIGN (0x4)

.bss            0x0000000020000060     0x2c70 load address 0x00000000080082f4
                0x0000000020000060                _sbss = .
                0x0000000020000060                __bss_start__ = _sbss
 *(.bss)
 .bss           0x0000000020000060       0x1c C:/ST/STM32CubeIDE_1.12.0/STM32CubeIDE/plugins/com.st.stm32cube.ide.mcu.externaltools.gnu-tools-for-stm32.11.3.rel1.win32_1.1.0.202305231506/tools/bin/../lib/gcc/arm-none-eabi/11.3.1/thumb/v7-m/nofp/crtbegin.o
 *(.bss*)
 .bss.pREGEvent
                0x000000002000007c        0x4 ./Core/Src/DIN_DOUT.o
 .bss.PL_STATE  0x0000000020000080        0x1 ./Core/Src/DIN_DOUT.o
                0x0000000020000080                PL_STATE
 *fill*         0x0000000020000081        0x3 
 .bss.pDATA     0x0000000020000084        0x6 ./Core/Src/DIN_DOUT.o
                0x0000000020000084                pDATA
 .bss.data_check_counter
                0x000000002000008a        0x1 ./Core/Src/DIN_DOUT.o
                0x000000002000008a                data_check_counter
 *fill*         0x000000002000008b        0x1 
 .bss.data      0x000000002000008c        0x6 ./Core/Src/DIN_DOUT.o
                0x000000002000008c                data
 *fill*         0x0000000020000092        0x2 
 .bss.mask      0x0000000020000094       0x12 ./Core/Src/DIN_DOUT.o
                0x0000000020000094                mask
 *fill*         0x00000000200000a6        0x2 
 .bss.dc_mask   0x00000000200000a8        0x6 ./Core/Src/DIN_DOUT.o
                0x00000000200000a8                dc_mask
 *fill*         0x00000000200000ae        0x2 
 .bss.xDinConfig
                0x00000000200000b0       0x50 ./Core/Src/DIN_DOUT.o
 .bss.STATUS    0x0000000020000100        0x4 ./Core/Src/DIN_DOUT.o
 .bss.COUNTERS  0x0000000020000104       0x10 ./Core/Src/DIN_DOUT.o
 .bss.pKeyboardQueue
                0x0000000020000114        0x4 ./Core/Src/DIN_DOUT.o
 .bss.xHigherPriorityTaskWoken.0
                0x0000000020000118        0x4 ./Core/Src/DIN_DOUT.o
 .bss.LCD_BUFFER
                0x000000002000011c       0x28 ./Core/Src/LCD.o
 .bss.LCD_OUT_BUFFER
                0x0000000020000144       0x14 ./Core/Src/LCD.o
 .bss.lcdFlags  0x0000000020000158        0x4 ./Core/Src/LCD.o
 .bss.DATA_MODEL_REGISTER
                0x000000002000015c      0x1c8 ./Core/Src/data_model.o
                0x000000002000015c                DATA_MODEL_REGISTER
 .bss.lamp_data
                0x0000000020000324      0x108 ./Core/Src/lamp.o
                0x0000000020000324                lamp_data
 .bss.hadc1     0x000000002000042c       0x30 ./Core/Src/main.o
                0x000000002000042c                hadc1
 .bss.hadc3     0x000000002000045c       0x30 ./Core/Src/main.o
                0x000000002000045c                hadc3
 .bss.hdma_adc3
                0x000000002000048c       0x44 ./Core/Src/main.o
                0x000000002000048c                hdma_adc3
 .bss.hi2c1     0x00000000200004d0       0x54 ./Core/Src/main.o
                0x00000000200004d0                hi2c1
 .bss.hrtc      0x0000000020000524       0x14 ./Core/Src/main.o
                0x0000000020000524                hrtc
 .bss.hspi2     0x0000000020000538       0x58 ./Core/Src/main.o
                0x0000000020000538                hspi2
 .bss.htim6     0x0000000020000590       0x48 ./Core/Src/main.o
                0x0000000020000590                htim6
 .bss.htim7     0x00000000200005d8       0x48 ./Core/Src/main.o
                0x00000000200005d8                htim7
 .bss.huart1    0x0000000020000620       0x48 ./Core/Src/main.o
                0x0000000020000620                huart1
 .bss.defaultTaskHandle
                0x0000000020000668        0x4 ./Core/Src/main.o
                0x0000000020000668                defaultTaskHandle
 .bss.LCDHandle
                0x000000002000066c        0x4 ./Core/Src/main.o
                0x000000002000066c                LCDHandle
 .bss.LCDBuffer
                0x0000000020000670      0x200 ./Core/Src/main.o
                0x0000000020000670                LCDBuffer
 .bss.LCDControlBlock
                0x0000000020000870       0xa8 ./Core/Src/main.o
                0x0000000020000870                LCDControlBlock
 .bss.DIN_DOUT_TaskHandle
                0x0000000020000918        0x4 ./Core/Src/main.o
                0x0000000020000918                DIN_DOUT_TaskHandle
 .bss.DIN_DOUT_TaskBuffer
                0x000000002000091c      0x200 ./Core/Src/main.o
                0x000000002000091c                DIN_DOUT_TaskBuffer
 .bss.DIN_DOUT_TaskControlBlock
                0x0000000020000b1c       0xa8 ./Core/Src/main.o
                0x0000000020000b1c                DIN_DOUT_TaskControlBlock
 .bss.KeyboardTaskHandle
                0x0000000020000bc4        0x4 ./Core/Src/main.o
                0x0000000020000bc4                KeyboardTaskHandle
 .bss.KeyboardTaskBuffer
                0x0000000020000bc8      0x200 ./Core/Src/main.o
                0x0000000020000bc8                KeyboardTaskBuffer
 .bss.KeyboardTaskControlBlock
                0x0000000020000dc8       0xa8 ./Core/Src/main.o
                0x0000000020000dc8                KeyboardTaskControlBlock
 .bss.LAP_taskHandle
                0x0000000020000e70        0x4 ./Core/Src/main.o
                0x0000000020000e70                LAP_taskHandle
 .bss.LAP_taskBuffer
                0x0000000020000e74      0x200 ./Core/Src/main.o
                0x0000000020000e74                LAP_taskBuffer
 .bss.LAP_taskControlBlock
                0x0000000020001074       0xa8 ./Core/Src/main.o
                0x0000000020001074                LAP_taskControlBlock
 .bss.TimersEventHandle
                0x000000002000111c        0x4 ./Core/Src/main.o
                0x000000002000111c                TimersEventHandle
 .bss.TimersEventControlBlock
                0x0000000020001120       0x20 ./Core/Src/main.o
                0x0000000020001120                TimersEventControlBlock
 .bss.DIN_DOUT_EVENTHandle
                0x0000000020001140        0x4 ./Core/Src/main.o
                0x0000000020001140                DIN_DOUT_EVENTHandle
 .bss.DIN_DOUT_EVENTControlBlock
                0x0000000020001144       0x20 ./Core/Src/main.o
                0x0000000020001144                DIN_DOUT_EVENTControlBlock
 .bss.htim1     0x0000000020001164       0x48 ./Core/Src/stm32f1xx_hal_timebase_tim.o
                0x0000000020001164                htim1
 .bss.uwTick    0x00000000200011ac        0x4 ./Drivers/STM32F1xx_HAL_Driver/Src/stm32f1xx_hal.o
                0x00000000200011ac                uwTick
 .bss.KernelState
                0x00000000200011b0        0x4 ./Middlewares/Third_Party/FreeRTOS/Source/CMSIS_RTOS_V2/cmsis_os2.o
 .bss.Idle_TCB  0x00000000200011b4       0xa8 ./Middlewares/Third_Party/FreeRTOS/Source/CMSIS_RTOS_V2/cmsis_os2.o
 .bss.Idle_Stack
                0x000000002000125c      0x200 ./Middlewares/Third_Party/FreeRTOS/Source/CMSIS_RTOS_V2/cmsis_os2.o
 .bss.Timer_TCB
                0x000000002000145c       0xa8 ./Middlewares/Third_Party/FreeRTOS/Source/CMSIS_RTOS_V2/cmsis_os2.o
 .bss.Timer_Stack
                0x0000000020001504      0x400 ./Middlewares/Third_Party/FreeRTOS/Source/CMSIS_RTOS_V2/cmsis_os2.o
 .bss.xQueueRegistry
                0x0000000020001904       0x40 ./Middlewares/Third_Party/FreeRTOS/Source/queue.o
                0x0000000020001904                xQueueRegistry
 .bss.pxCurrentTCB
                0x0000000020001944        0x4 ./Middlewares/Third_Party/FreeRTOS/Source/tasks.o
                0x0000000020001944                pxCurrentTCB
 .bss.pxReadyTasksLists
                0x0000000020001948      0x460 ./Middlewares/Third_Party/FreeRTOS/Source/tasks.o
 .bss.xDelayedTaskList1
                0x0000000020001da8       0x14 ./Middlewares/Third_Party/FreeRTOS/Source/tasks.o
 .bss.xDelayedTaskList2
                0x0000000020001dbc       0x14 ./Middlewares/Third_Party/FreeRTOS/Source/tasks.o
 .bss.pxDelayedTaskList
                0x0000000020001dd0        0x4 ./Middlewares/Third_Party/FreeRTOS/Source/tasks.o
 .bss.pxOverflowDelayedTaskList
                0x0000000020001dd4        0x4 ./Middlewares/Third_Party/FreeRTOS/Source/tasks.o
 .bss.xPendingReadyList
                0x0000000020001dd8       0x14 ./Middlewares/Third_Party/FreeRTOS/Source/tasks.o
 .bss.xTasksWaitingTermination
                0x0000000020001dec       0x14 ./Middlewares/Third_Party/FreeRTOS/Source/tasks.o
 .bss.uxDeletedTasksWaitingCleanUp
                0x0000000020001e00        0x4 ./Middlewares/Third_Party/FreeRTOS/Source/tasks.o
 .bss.xSuspendedTaskList
                0x0000000020001e04       0x14 ./Middlewares/Third_Party/FreeRTOS/Source/tasks.o
 .bss.uxCurrentNumberOfTasks
                0x0000000020001e18        0x4 ./Middlewares/Third_Party/FreeRTOS/Source/tasks.o
 .bss.xTickCount
                0x0000000020001e1c        0x4 ./Middlewares/Third_Party/FreeRTOS/Source/tasks.o
 .bss.uxTopReadyPriority
                0x0000000020001e20        0x4 ./Middlewares/Third_Party/FreeRTOS/Source/tasks.o
 .bss.xSchedulerRunning
                0x0000000020001e24        0x4 ./Middlewares/Third_Party/FreeRTOS/Source/tasks.o
 .bss.uxPendedTicks
                0x0000000020001e28        0x4 ./Middlewares/Third_Party/FreeRTOS/Source/tasks.o
 .bss.xYieldPending
                0x0000000020001e2c        0x4 ./Middlewares/Third_Party/FreeRTOS/Source/tasks.o
 .bss.xNumOfOverflows
                0x0000000020001e30        0x4 ./Middlewares/Third_Party/FreeRTOS/Source/tasks.o
 .bss.uxTaskNumber
                0x0000000020001e34        0x4 ./Middlewares/Third_Party/FreeRTOS/Source/tasks.o
 .bss.xNextTaskUnblockTime
                0x0000000020001e38        0x4 ./Middlewares/Third_Party/FreeRTOS/Source/tasks.o
 .bss.xIdleTaskHandle
                0x0000000020001e3c        0x4 ./Middlewares/Third_Party/FreeRTOS/Source/tasks.o
 .bss.uxSchedulerSuspended
                0x0000000020001e40        0x4 ./Middlewares/Third_Party/FreeRTOS/Source/tasks.o
 .bss.xActiveTimerList1
                0x0000000020001e44       0x14 ./Middlewares/Third_Party/FreeRTOS/Source/timers.o
 .bss.xActiveTimerList2
                0x0000000020001e58       0x14 ./Middlewares/Third_Party/FreeRTOS/Source/timers.o
 .bss.pxCurrentTimerList
                0x0000000020001e6c        0x4 ./Middlewares/Third_Party/FreeRTOS/Source/timers.o
 .bss.pxOverflowTimerList
                0x0000000020001e70        0x4 ./Middlewares/Third_Party/FreeRTOS/Source/timers.o
 .bss.xTimerQueue
                0x0000000020001e74        0x4 ./Middlewares/Third_Party/FreeRTOS/Source/timers.o
 .bss.xTimerTaskHandle
                0x0000000020001e78        0x4 ./Middlewares/Third_Party/FreeRTOS/Source/timers.o
 .bss.xLastTime.2
                0x0000000020001e7c        0x4 ./Middlewares/Third_Party/FreeRTOS/Source/timers.o
 .bss.ucStaticTimerQueueStorage.1
                0x0000000020001e80       0xa0 ./Middlewares/Third_Party/FreeRTOS/Source/timers.o
 .bss.xStaticTimerQueue.0
                0x0000000020001f20       0x50 ./Middlewares/Third_Party/FreeRTOS/Source/timers.o
 .bss.ucMaxSysCallPriority
                0x0000000020001f70        0x1 ./Middlewares/Third_Party/FreeRTOS/Source/portable/GCC/ARM_CM3/port.o
 *fill*         0x0000000020001f71        0x3 
 .bss.ulMaxPRIGROUPValue
                0x0000000020001f74        0x4 ./Middlewares/Third_Party/FreeRTOS/Source/portable/GCC/ARM_CM3/port.o
 .bss.ucHeap    0x0000000020001f78      0xc00 ./Middlewares/Third_Party/FreeRTOS/Source/portable/MemMang/heap_4.o
 .bss.xStart    0x0000000020002b78        0x8 ./Middlewares/Third_Party/FreeRTOS/Source/portable/MemMang/heap_4.o
 .bss.pxEnd     0x0000000020002b80        0x4 ./Middlewares/Third_Party/FreeRTOS/Source/portable/MemMang/heap_4.o
 .bss.xFreeBytesRemaining
                0x0000000020002b84        0x4 ./Middlewares/Third_Party/FreeRTOS/Source/portable/MemMang/heap_4.o
 .bss.xMinimumEverFreeBytesRemaining
                0x0000000020002b88        0x4 ./Middlewares/Third_Party/FreeRTOS/Source/portable/MemMang/heap_4.o
 .bss.xBlockAllocatedBit
                0x0000000020002b8c        0x4 ./Middlewares/Third_Party/FreeRTOS/Source/portable/MemMang/heap_4.o
 .bss.__sf      0x0000000020002b90      0x138 C:/ST/STM32CubeIDE_1.12.0/STM32CubeIDE/plugins/com.st.stm32cube.ide.mcu.externaltools.gnu-tools-for-stm32.11.3.rel1.win32_1.1.0.202305231506/tools/bin/../lib/gcc/arm-none-eabi/11.3.1/../../../../arm-none-eabi/lib/thumb/v7-m/nofp\libc_nano.a(libc_a-findfp.o)
                0x0000000020002b90                __sf
 .bss.__lock___malloc_recursive_mutex
                0x0000000020002cc8        0x1 C:/ST/STM32CubeIDE_1.12.0/STM32CubeIDE/plugins/com.st.stm32cube.ide.mcu.externaltools.gnu-tools-for-stm32.11.3.rel1.win32_1.1.0.202305231506/tools/bin/../lib/gcc/arm-none-eabi/11.3.1/../../../../arm-none-eabi/lib/thumb/v7-m/nofp\libc_nano.a(libc_a-lock.o)
                0x0000000020002cc8                __lock___malloc_recursive_mutex
 *fill*         0x0000000020002cc9        0x3 
 .bss.__malloc_free_list
                0x0000000020002ccc        0x4 C:/ST/STM32CubeIDE_1.12.0/STM32CubeIDE/plugins/com.st.stm32cube.ide.mcu.externaltools.gnu-tools-for-stm32.11.3.rel1.win32_1.1.0.202305231506/tools/bin/../lib/gcc/arm-none-eabi/11.3.1/../../../../arm-none-eabi/lib/thumb/v7-m/nofp\libc_nano.a(libc_a-mallocr.o)
                0x0000000020002ccc                __malloc_free_list
 *(COMMON)
                0x0000000020002cd0                . = ALIGN (0x4)
                0x0000000020002cd0                _ebss = .
                0x0000000020002cd0                __bss_end__ = _ebss

._user_heap_stack
                0x0000000020002cd0      0x600 load address 0x00000000080082f4
                0x0000000020002cd0                . = ALIGN (0x8)
                [!provide]                        PROVIDE (end = .)
                0x0000000020002cd0                PROVIDE (_end = .)
                0x0000000020002ed0                . = (. + _Min_Heap_Size)
 *fill*         0x0000000020002cd0      0x200 
                0x00000000200032d0                . = (. + _Min_Stack_Size)
 *fill*         0x0000000020002ed0      0x400 
                0x00000000200032d0                . = ALIGN (0x8)

/DISCARD/
 libc.a(*)
 libm.a(*)
 libgcc.a(*)

.ARM.attributes
                0x0000000000000000       0x29
 *(.ARM.attributes)
 .ARM.attributes
                0x0000000000000000       0x1d C:/ST/STM32CubeIDE_1.12.0/STM32CubeIDE/plugins/com.st.stm32cube.ide.mcu.externaltools.gnu-tools-for-stm32.11.3.rel1.win32_1.1.0.202305231506/tools/bin/../lib/gcc/arm-none-eabi/11.3.1/thumb/v7-m/nofp/crti.o
 .ARM.attributes
                0x000000000000001d       0x2d C:/ST/STM32CubeIDE_1.12.0/STM32CubeIDE/plugins/com.st.stm32cube.ide.mcu.externaltools.gnu-tools-for-stm32.11.3.rel1.win32_1.1.0.202305231506/tools/bin/../lib/gcc/arm-none-eabi/11.3.1/thumb/v7-m/nofp/crtbegin.o
 .ARM.attributes
                0x000000000000004a       0x2d ./Core/Src/DIN_DOUT.o
 .ARM.attributes
                0x0000000000000077       0x2d ./Core/Src/LCD.o
 .ARM.attributes
                0x00000000000000a4       0x2d ./Core/Src/data_model.o
 .ARM.attributes
                0x00000000000000d1       0x2d ./Core/Src/lamp.o
 .ARM.attributes
                0x00000000000000fe       0x2d ./Core/Src/main.o
 .ARM.attributes
                0x000000000000012b       0x2d ./Core/Src/stm32f1xx_hal_msp.o
 .ARM.attributes
                0x0000000000000158       0x2d ./Core/Src/stm32f1xx_hal_timebase_tim.o
 .ARM.attributes
                0x0000000000000185       0x2d ./Core/Src/stm32f1xx_it.o
 .ARM.attributes
                0x00000000000001b2       0x2d ./Core/Src/system_stm32f1xx.o
 .ARM.attributes
                0x00000000000001df       0x21 ./Core/Startup/startup_stm32f103retx.o
 .ARM.attributes
                0x0000000000000200       0x2d ./Drivers/STM32F1xx_HAL_Driver/Src/stm32f1xx_hal.o
 .ARM.attributes
                0x000000000000022d       0x2d ./Drivers/STM32F1xx_HAL_Driver/Src/stm32f1xx_hal_adc.o
 .ARM.attributes
                0x000000000000025a       0x2d ./Drivers/STM32F1xx_HAL_Driver/Src/stm32f1xx_hal_cortex.o
 .ARM.attributes
                0x0000000000000287       0x2d ./Drivers/STM32F1xx_HAL_Driver/Src/stm32f1xx_hal_dma.o
 .ARM.attributes
                0x00000000000002b4       0x2d ./Drivers/STM32F1xx_HAL_Driver/Src/stm32f1xx_hal_gpio.o
 .ARM.attributes
                0x00000000000002e1       0x2d ./Drivers/STM32F1xx_HAL_Driver/Src/stm32f1xx_hal_i2c.o
 .ARM.attributes
                0x000000000000030e       0x2d ./Drivers/STM32F1xx_HAL_Driver/Src/stm32f1xx_hal_pwr.o
 .ARM.attributes
                0x000000000000033b       0x2d ./Drivers/STM32F1xx_HAL_Driver/Src/stm32f1xx_hal_rcc.o
 .ARM.attributes
                0x0000000000000368       0x2d ./Drivers/STM32F1xx_HAL_Driver/Src/stm32f1xx_hal_rcc_ex.o
 .ARM.attributes
                0x0000000000000395       0x2d ./Drivers/STM32F1xx_HAL_Driver/Src/stm32f1xx_hal_rtc.o
 .ARM.attributes
                0x00000000000003c2       0x2d ./Drivers/STM32F1xx_HAL_Driver/Src/stm32f1xx_hal_rtc_ex.o
 .ARM.attributes
                0x00000000000003ef       0x2d ./Drivers/STM32F1xx_HAL_Driver/Src/stm32f1xx_hal_spi.o
 .ARM.attributes
                0x000000000000041c       0x2d ./Drivers/STM32F1xx_HAL_Driver/Src/stm32f1xx_hal_tim.o
 .ARM.attributes
                0x0000000000000449       0x2d ./Drivers/STM32F1xx_HAL_Driver/Src/stm32f1xx_hal_tim_ex.o
 .ARM.attributes
                0x0000000000000476       0x2d ./Drivers/STM32F1xx_HAL_Driver/Src/stm32f1xx_hal_uart.o
 .ARM.attributes
                0x00000000000004a3       0x2d ./Middlewares/Third_Party/FreeRTOS/Source/CMSIS_RTOS_V2/cmsis_os2.o
 .ARM.attributes
                0x00000000000004d0       0x2d ./Middlewares/Third_Party/FreeRTOS/Source/event_groups.o
 .ARM.attributes
                0x00000000000004fd       0x2d ./Middlewares/Third_Party/FreeRTOS/Source/list.o
 .ARM.attributes
                0x000000000000052a       0x2d ./Middlewares/Third_Party/FreeRTOS/Source/queue.o
 .ARM.attributes
                0x0000000000000557       0x2d ./Middlewares/Third_Party/FreeRTOS/Source/tasks.o
 .ARM.attributes
                0x0000000000000584       0x2d ./Middlewares/Third_Party/FreeRTOS/Source/timers.o
 .ARM.attributes
                0x00000000000005b1       0x2d ./Middlewares/Third_Party/FreeRTOS/Source/portable/GCC/ARM_CM3/port.o
 .ARM.attributes
                0x00000000000005de       0x2d ./Middlewares/Third_Party/FreeRTOS/Source/portable/MemMang/heap_4.o
 .ARM.attributes
                0x000000000000060b       0x2d C:/ST/STM32CubeIDE_1.12.0/STM32CubeIDE/plugins/com.st.stm32cube.ide.mcu.externaltools.gnu-tools-for-stm32.11.3.rel1.win32_1.1.0.202305231506/tools/bin/../lib/gcc/arm-none-eabi/11.3.1/../../../../arm-none-eabi/lib/thumb/v7-m/nofp\libc_nano.a(libc_a-findfp.o)
 .ARM.attributes
                0x0000000000000638       0x2d C:/ST/STM32CubeIDE_1.12.0/STM32CubeIDE/plugins/com.st.stm32cube.ide.mcu.externaltools.gnu-tools-for-stm32.11.3.rel1.win32_1.1.0.202305231506/tools/bin/../lib/gcc/arm-none-eabi/11.3.1/../../../../arm-none-eabi/lib/thumb/v7-m/nofp\libc_nano.a(libc_a-memset.o)
 .ARM.attributes
                0x0000000000000665       0x2d C:/ST/STM32CubeIDE_1.12.0/STM32CubeIDE/plugins/com.st.stm32cube.ide.mcu.externaltools.gnu-tools-for-stm32.11.3.rel1.win32_1.1.0.202305231506/tools/bin/../lib/gcc/arm-none-eabi/11.3.1/../../../../arm-none-eabi/lib/thumb/v7-m/nofp\libc_nano.a(libc_a-reent.o)
 .ARM.attributes
                0x0000000000000692       0x2d C:/ST/STM32CubeIDE_1.12.0/STM32CubeIDE/plugins/com.st.stm32cube.ide.mcu.externaltools.gnu-tools-for-stm32.11.3.rel1.win32_1.1.0.202305231506/tools/bin/../lib/gcc/arm-none-eabi/11.3.1/../../../../arm-none-eabi/lib/thumb/v7-m/nofp\libc_nano.a(libc_a-impure.o)
 .ARM.attributes
                0x00000000000006bf       0x2d C:/ST/STM32CubeIDE_1.12.0/STM32CubeIDE/plugins/com.st.stm32cube.ide.mcu.externaltools.gnu-tools-for-stm32.11.3.rel1.win32_1.1.0.202305231506/tools/bin/../lib/gcc/arm-none-eabi/11.3.1/../../../../arm-none-eabi/lib/thumb/v7-m/nofp\libc_nano.a(libc_a-init.o)
 .ARM.attributes
                0x00000000000006ec       0x2d C:/ST/STM32CubeIDE_1.12.0/STM32CubeIDE/plugins/com.st.stm32cube.ide.mcu.externaltools.gnu-tools-for-stm32.11.3.rel1.win32_1.1.0.202305231506/tools/bin/../lib/gcc/arm-none-eabi/11.3.1/../../../../arm-none-eabi/lib/thumb/v7-m/nofp\libc_nano.a(libc_a-lock.o)
 .ARM.attributes
                0x0000000000000719       0x2d C:/ST/STM32CubeIDE_1.12.0/STM32CubeIDE/plugins/com.st.stm32cube.ide.mcu.externaltools.gnu-tools-for-stm32.11.3.rel1.win32_1.1.0.202305231506/tools/bin/../lib/gcc/arm-none-eabi/11.3.1/../../../../arm-none-eabi/lib/thumb/v7-m/nofp\libc_nano.a(libc_a-memcpy-stub.o)
 .ARM.attributes
                0x0000000000000746       0x2d C:/ST/STM32CubeIDE_1.12.0/STM32CubeIDE/plugins/com.st.stm32cube.ide.mcu.externaltools.gnu-tools-for-stm32.11.3.rel1.win32_1.1.0.202305231506/tools/bin/../lib/gcc/arm-none-eabi/11.3.1/../../../../arm-none-eabi/lib/thumb/v7-m/nofp\libc_nano.a(libc_a-freer.o)
 .ARM.attributes
                0x0000000000000773       0x2d C:/ST/STM32CubeIDE_1.12.0/STM32CubeIDE/plugins/com.st.stm32cube.ide.mcu.externaltools.gnu-tools-for-stm32.11.3.rel1.win32_1.1.0.202305231506/tools/bin/../lib/gcc/arm-none-eabi/11.3.1/../../../../arm-none-eabi/lib/thumb/v7-m/nofp\libc_nano.a(libc_a-mallocr.o)
 .ARM.attributes
                0x00000000000007a0       0x2d C:/ST/STM32CubeIDE_1.12.0/STM32CubeIDE/plugins/com.st.stm32cube.ide.mcu.externaltools.gnu-tools-for-stm32.11.3.rel1.win32_1.1.0.202305231506/tools/bin/../lib/gcc/arm-none-eabi/11.3.1/../../../../arm-none-eabi/lib/thumb/v7-m/nofp\libc_nano.a(libc_a-mlock.o)
 .ARM.attributes
                0x00000000000007cd       0x1d C:/ST/STM32CubeIDE_1.12.0/STM32CubeIDE/plugins/com.st.stm32cube.ide.mcu.externaltools.gnu-tools-for-stm32.11.3.rel1.win32_1.1.0.202305231506/tools/bin/../lib/gcc/arm-none-eabi/11.3.1/thumb/v7-m/nofp/crtn.o
OUTPUT(UFControl.elf elf32-littlearm)
LOAD linker stubs
LOAD C:/ST/STM32CubeIDE_1.12.0/STM32CubeIDE/plugins/com.st.stm32cube.ide.mcu.externaltools.gnu-tools-for-stm32.11.3.rel1.win32_1.1.0.202305231506/tools/bin/../lib/gcc/arm-none-eabi/11.3.1/../../../../arm-none-eabi/lib/thumb/v7-m/nofp\libc.a
LOAD C:/ST/STM32CubeIDE_1.12.0/STM32CubeIDE/plugins/com.st.stm32cube.ide.mcu.externaltools.gnu-tools-for-stm32.11.3.rel1.win32_1.1.0.202305231506/tools/bin/../lib/gcc/arm-none-eabi/11.3.1/../../../../arm-none-eabi/lib/thumb/v7-m/nofp\libm.a
LOAD C:/ST/STM32CubeIDE_1.12.0/STM32CubeIDE/plugins/com.st.stm32cube.ide.mcu.externaltools.gnu-tools-for-stm32.11.3.rel1.win32_1.1.0.202305231506/tools/bin/../lib/gcc/arm-none-eabi/11.3.1/thumb/v7-m/nofp\libgcc.a

.comment        0x0000000000000000       0x43
 .comment       0x0000000000000000       0x43 C:/ST/STM32CubeIDE_1.12.0/STM32CubeIDE/plugins/com.st.stm32cube.ide.mcu.externaltools.gnu-tools-for-stm32.11.3.rel1.win32_1.1.0.202305231506/tools/bin/../lib/gcc/arm-none-eabi/11.3.1/thumb/v7-m/nofp/crtbegin.o
                                         0x44 (size before relaxing)
 .comment       0x0000000000000043       0x44 ./Core/Src/DIN_DOUT.o
 .comment       0x0000000000000043       0x44 ./Core/Src/LCD.o
 .comment       0x0000000000000043       0x44 ./Core/Src/data_model.o
 .comment       0x0000000000000043       0x44 ./Core/Src/lamp.o
 .comment       0x0000000000000043       0x44 ./Core/Src/main.o
 .comment       0x0000000000000043       0x44 ./Core/Src/stm32f1xx_hal_msp.o
 .comment       0x0000000000000043       0x44 ./Core/Src/stm32f1xx_hal_timebase_tim.o
 .comment       0x0000000000000043       0x44 ./Core/Src/stm32f1xx_it.o
 .comment       0x0000000000000043       0x44 ./Core/Src/system_stm32f1xx.o
 .comment       0x0000000000000043       0x44 ./Drivers/STM32F1xx_HAL_Driver/Src/stm32f1xx_hal.o
 .comment       0x0000000000000043       0x44 ./Drivers/STM32F1xx_HAL_Driver/Src/stm32f1xx_hal_adc.o
 .comment       0x0000000000000043       0x44 ./Drivers/STM32F1xx_HAL_Driver/Src/stm32f1xx_hal_cortex.o
 .comment       0x0000000000000043       0x44 ./Drivers/STM32F1xx_HAL_Driver/Src/stm32f1xx_hal_dma.o
 .comment       0x0000000000000043       0x44 ./Drivers/STM32F1xx_HAL_Driver/Src/stm32f1xx_hal_gpio.o
 .comment       0x0000000000000043       0x44 ./Drivers/STM32F1xx_HAL_Driver/Src/stm32f1xx_hal_i2c.o
 .comment       0x0000000000000043       0x44 ./Drivers/STM32F1xx_HAL_Driver/Src/stm32f1xx_hal_pwr.o
 .comment       0x0000000000000043       0x44 ./Drivers/STM32F1xx_HAL_Driver/Src/stm32f1xx_hal_rcc.o
 .comment       0x0000000000000043       0x44 ./Drivers/STM32F1xx_HAL_Driver/Src/stm32f1xx_hal_rcc_ex.o
 .comment       0x0000000000000043       0x44 ./Drivers/STM32F1xx_HAL_Driver/Src/stm32f1xx_hal_rtc.o
 .comment       0x0000000000000043       0x44 ./Drivers/STM32F1xx_HAL_Driver/Src/stm32f1xx_hal_rtc_ex.o
 .comment       0x0000000000000043       0x44 ./Drivers/STM32F1xx_HAL_Driver/Src/stm32f1xx_hal_spi.o
 .comment       0x0000000000000043       0x44 ./Drivers/STM32F1xx_HAL_Driver/Src/stm32f1xx_hal_tim.o
 .comment       0x0000000000000043       0x44 ./Drivers/STM32F1xx_HAL_Driver/Src/stm32f1xx_hal_tim_ex.o
 .comment       0x0000000000000043       0x44 ./Drivers/STM32F1xx_HAL_Driver/Src/stm32f1xx_hal_uart.o
 .comment       0x0000000000000043       0x44 ./Middlewares/Third_Party/FreeRTOS/Source/CMSIS_RTOS_V2/cmsis_os2.o
 .comment       0x0000000000000043       0x44 ./Middlewares/Third_Party/FreeRTOS/Source/event_groups.o
 .comment       0x0000000000000043       0x44 ./Middlewares/Third_Party/FreeRTOS/Source/list.o
 .comment       0x0000000000000043       0x44 ./Middlewares/Third_Party/FreeRTOS/Source/queue.o
 .comment       0x0000000000000043       0x44 ./Middlewares/Third_Party/FreeRTOS/Source/tasks.o
 .comment       0x0000000000000043       0x44 ./Middlewares/Third_Party/FreeRTOS/Source/timers.o
 .comment       0x0000000000000043       0x44 ./Middlewares/Third_Party/FreeRTOS/Source/portable/GCC/ARM_CM3/port.o
 .comment       0x0000000000000043       0x44 ./Middlewares/Third_Party/FreeRTOS/Source/portable/MemMang/heap_4.o

.debug_info     0x0000000000000000    0x220ff
 .debug_info    0x0000000000000000      0xf60 ./Core/Src/DIN_DOUT.o
 .debug_info    0x0000000000000f60      0x663 ./Core/Src/LCD.o
 .debug_info    0x00000000000015c3      0x148 ./Core/Src/data_model.o
 .debug_info    0x000000000000170b      0x219 ./Core/Src/lamp.o
 .debug_info    0x0000000000001924     0x2a38 ./Core/Src/main.o
 .debug_info    0x000000000000435c     0x1970 ./Core/Src/stm32f1xx_hal_msp.o
 .debug_info    0x0000000000005ccc      0xa00 ./Core/Src/stm32f1xx_hal_timebase_tim.o
 .debug_info    0x00000000000066cc      0x8ab ./Core/Src/stm32f1xx_it.o
 .debug_info    0x0000000000006f77      0x222 ./Core/Src/system_stm32f1xx.o
 .debug_info    0x0000000000007199       0x23 ./Core/Startup/startup_stm32f103retx.o
 .debug_info    0x00000000000071bc      0x76a ./Drivers/STM32F1xx_HAL_Driver/Src/stm32f1xx_hal.o
 .debug_info    0x0000000000007926      0xc50 ./Drivers/STM32F1xx_HAL_Driver/Src/stm32f1xx_hal_adc.o
 .debug_info    0x0000000000008576      0xaed ./Drivers/STM32F1xx_HAL_Driver/Src/stm32f1xx_hal_cortex.o
 .debug_info    0x0000000000009063      0x6d2 ./Drivers/STM32F1xx_HAL_Driver/Src/stm32f1xx_hal_dma.o
 .debug_info    0x0000000000009735      0x5ab ./Drivers/STM32F1xx_HAL_Driver/Src/stm32f1xx_hal_gpio.o
 .debug_info    0x0000000000009ce0     0x2515 ./Drivers/STM32F1xx_HAL_Driver/Src/stm32f1xx_hal_i2c.o
 .debug_info    0x000000000000c1f5      0x628 ./Drivers/STM32F1xx_HAL_Driver/Src/stm32f1xx_hal_pwr.o
 .debug_info    0x000000000000c81d      0x7d5 ./Drivers/STM32F1xx_HAL_Driver/Src/stm32f1xx_hal_rcc.o
 .debug_info    0x000000000000cff2      0x3e9 ./Drivers/STM32F1xx_HAL_Driver/Src/stm32f1xx_hal_rcc_ex.o
 .debug_info    0x000000000000d3db      0xe30 ./Drivers/STM32F1xx_HAL_Driver/Src/stm32f1xx_hal_rtc.o
 .debug_info    0x000000000000e20b      0x864 ./Drivers/STM32F1xx_HAL_Driver/Src/stm32f1xx_hal_rtc_ex.o
 .debug_info    0x000000000000ea6f     0x150f ./Drivers/STM32F1xx_HAL_Driver/Src/stm32f1xx_hal_spi.o
 .debug_info    0x000000000000ff7e     0x293b ./Drivers/STM32F1xx_HAL_Driver/Src/stm32f1xx_hal_tim.o
 .debug_info    0x00000000000128b9     0x149b ./Drivers/STM32F1xx_HAL_Driver/Src/stm32f1xx_hal_tim_ex.o
 .debug_info    0x0000000000013d54     0x2fa8 ./Drivers/STM32F1xx_HAL_Driver/Src/stm32f1xx_hal_uart.o
 .debug_info    0x0000000000016cfc     0x4058 ./Middlewares/Third_Party/FreeRTOS/Source/CMSIS_RTOS_V2/cmsis_os2.o
 .debug_info    0x000000000001ad54      0xbb8 ./Middlewares/Third_Party/FreeRTOS/Source/event_groups.o
 .debug_info    0x000000000001b90c      0x2aa ./Middlewares/Third_Party/FreeRTOS/Source/list.o
 .debug_info    0x000000000001bbb6     0x1abf ./Middlewares/Third_Party/FreeRTOS/Source/queue.o
 .debug_info    0x000000000001d675     0x27b7 ./Middlewares/Third_Party/FreeRTOS/Source/tasks.o
 .debug_info    0x000000000001fe2c     0x1a7c ./Middlewares/Third_Party/FreeRTOS/Source/timers.o
 .debug_info    0x00000000000218a8      0x494 ./Middlewares/Third_Party/FreeRTOS/Source/portable/GCC/ARM_CM3/port.o
 .debug_info    0x0000000000021d3c      0x3c3 ./Middlewares/Third_Party/FreeRTOS/Source/portable/MemMang/heap_4.o

.debug_abbrev   0x0000000000000000     0x4c0c
 .debug_abbrev  0x0000000000000000      0x2e0 ./Core/Src/DIN_DOUT.o
 .debug_abbrev  0x00000000000002e0      0x233 ./Core/Src/LCD.o
 .debug_abbrev  0x0000000000000513       0xc2 ./Core/Src/data_model.o
 .debug_abbrev  0x00000000000005d5      0x13e ./Core/Src/lamp.o
 .debug_abbrev  0x0000000000000713      0x2f4 ./Core/Src/main.o
 .debug_abbrev  0x0000000000000a07      0x270 ./Core/Src/stm32f1xx_hal_msp.o
 .debug_abbrev  0x0000000000000c77      0x1f3 ./Core/Src/stm32f1xx_hal_timebase_tim.o
 .debug_abbrev  0x0000000000000e6a      0x180 ./Core/Src/stm32f1xx_it.o
 .debug_abbrev  0x0000000000000fea      0x13f ./Core/Src/system_stm32f1xx.o
 .debug_abbrev  0x0000000000001129       0x12 ./Core/Startup/startup_stm32f103retx.o
 .debug_abbrev  0x000000000000113b      0x201 ./Drivers/STM32F1xx_HAL_Driver/Src/stm32f1xx_hal.o
 .debug_abbrev  0x000000000000133c      0x225 ./Drivers/STM32F1xx_HAL_Driver/Src/stm32f1xx_hal_adc.o
 .debug_abbrev  0x0000000000001561      0x2f8 ./Drivers/STM32F1xx_HAL_Driver/Src/stm32f1xx_hal_cortex.o
 .debug_abbrev  0x0000000000001859      0x20b ./Drivers/STM32F1xx_HAL_Driver/Src/stm32f1xx_hal_dma.o
 .debug_abbrev  0x0000000000001a64      0x1ca ./Drivers/STM32F1xx_HAL_Driver/Src/stm32f1xx_hal_gpio.o
 .debug_abbrev  0x0000000000001c2e      0x2a3 ./Drivers/STM32F1xx_HAL_Driver/Src/stm32f1xx_hal_i2c.o
 .debug_abbrev  0x0000000000001ed1      0x1f6 ./Drivers/STM32F1xx_HAL_Driver/Src/stm32f1xx_hal_pwr.o
 .debug_abbrev  0x00000000000020c7      0x2b3 ./Drivers/STM32F1xx_HAL_Driver/Src/stm32f1xx_hal_rcc.o
 .debug_abbrev  0x000000000000237a      0x188 ./Drivers/STM32F1xx_HAL_Driver/Src/stm32f1xx_hal_rcc_ex.o
 .debug_abbrev  0x0000000000002502      0x24c ./Drivers/STM32F1xx_HAL_Driver/Src/stm32f1xx_hal_rtc.o
 .debug_abbrev  0x000000000000274e      0x23d ./Drivers/STM32F1xx_HAL_Driver/Src/stm32f1xx_hal_rtc_ex.o
 .debug_abbrev  0x000000000000298b      0x284 ./Drivers/STM32F1xx_HAL_Driver/Src/stm32f1xx_hal_spi.o
 .debug_abbrev  0x0000000000002c0f      0x277 ./Drivers/STM32F1xx_HAL_Driver/Src/stm32f1xx_hal_tim.o
 .debug_abbrev  0x0000000000002e86      0x282 ./Drivers/STM32F1xx_HAL_Driver/Src/stm32f1xx_hal_tim_ex.o
 .debug_abbrev  0x0000000000003108      0x2f8 ./Drivers/STM32F1xx_HAL_Driver/Src/stm32f1xx_hal_uart.o
 .debug_abbrev  0x0000000000003400      0x465 ./Middlewares/Third_Party/FreeRTOS/Source/CMSIS_RTOS_V2/cmsis_os2.o
 .debug_abbrev  0x0000000000003865      0x322 ./Middlewares/Third_Party/FreeRTOS/Source/event_groups.o
 .debug_abbrev  0x0000000000003b87       0xf5 ./Middlewares/Third_Party/FreeRTOS/Source/list.o
 .debug_abbrev  0x0000000000003c7c      0x3ce ./Middlewares/Third_Party/FreeRTOS/Source/queue.o
 .debug_abbrev  0x000000000000404a      0x3fe ./Middlewares/Third_Party/FreeRTOS/Source/tasks.o
 .debug_abbrev  0x0000000000004448      0x367 ./Middlewares/Third_Party/FreeRTOS/Source/timers.o
 .debug_abbrev  0x00000000000047af      0x258 ./Middlewares/Third_Party/FreeRTOS/Source/portable/GCC/ARM_CM3/port.o
 .debug_abbrev  0x0000000000004a07      0x205 ./Middlewares/Third_Party/FreeRTOS/Source/portable/MemMang/heap_4.o

.debug_aranges  0x0000000000000000     0x1d80
 .debug_aranges
                0x0000000000000000       0x70 ./Core/Src/DIN_DOUT.o
 .debug_aranges
                0x0000000000000070       0x68 ./Core/Src/LCD.o
 .debug_aranges
                0x00000000000000d8       0x40 ./Core/Src/data_model.o
 .debug_aranges
                0x0000000000000118       0x38 ./Core/Src/lamp.o
 .debug_aranges
                0x0000000000000150       0x90 ./Core/Src/main.o
 .debug_aranges
                0x00000000000001e0       0x80 ./Core/Src/stm32f1xx_hal_msp.o
 .debug_aranges
                0x0000000000000260       0x30 ./Core/Src/stm32f1xx_hal_timebase_tim.o
 .debug_aranges
                0x0000000000000290       0x68 ./Core/Src/stm32f1xx_it.o
 .debug_aranges
                0x00000000000002f8       0x28 ./Core/Src/system_stm32f1xx.o
 .debug_aranges
                0x0000000000000320       0x28 ./Core/Startup/startup_stm32f103retx.o
 .debug_aranges
                0x0000000000000348       0xe0 ./Drivers/STM32F1xx_HAL_Driver/Src/stm32f1xx_hal.o
 .debug_aranges
                0x0000000000000428       0xf0 ./Drivers/STM32F1xx_HAL_Driver/Src/stm32f1xx_hal_adc.o
 .debug_aranges
                0x0000000000000518      0x100 ./Drivers/STM32F1xx_HAL_Driver/Src/stm32f1xx_hal_cortex.o