../FreeModbus/Src/portevent_m.c:39:1:xMBMasterPortEventInit	8	static
../FreeModbus/Src/portevent_m.c:47:1:xMBMasterPortEventPost	32	static,ignoring_inline_asm
../FreeModbus/Src/portevent_m.c:104:1:xMBMasterPortEventGet	32	static
../FreeModbus/Src/portevent_m.c:143:6:vMBMasterOsResInit	8	static
../FreeModbus/Src/portevent_m.c:157:6:xMBMasterRunResTake	16	static
../FreeModbus/Src/portevent_m.c:170:6:vMBMasterRunResRelease	8	static
../FreeModbus/Src/portevent_m.c:187:6:vMBMasterErrorCBRespondTimeout	16	static
../FreeModbus/Src/portevent_m.c:209:6:vMBMasterErrorCBReceiveData	16	static
../FreeModbus/Src/portevent_m.c:231:6:vMBMasterErrorCBExecuteFunction	16	static
../FreeModbus/Src/portevent_m.c:249:6:vMBMasterCBRequestScuuess	8	static
../FreeModbus/Src/portevent_m.c:269:21:eMBMasterWaitRequestFinish	24	static
