../Core/Src/data_model.c:41:6:vGetErrorForMenu	32	static
../Core/Src/data_model.c:87:7:vGetLapmErrorForMenu	72	static
../Core/Src/data_model.c:138:6:vGetPassword	24	static
../Core/Src/data_model.c:182:6:vGetVoltForMenu	24	static
../Core/Src/data_model.c:285:6:vGetFBOSizeForMenu	24	static
../Core/Src/data_model.c:332:6:vGetRecourceEditForMenu	24	static
../Core/Src/data_model.c:360:6:vGetRecourceForMenu	24	static
../Core/Src/data_model.c:394:6:vGetJournal	48	static
../Core/Src/data_model.c:434:6:vSetRecourceForMenu	24	static
../Core/Src/data_model.c:485:6:vSetLampRecource	24	static
../Core/Src/data_model.c:508:6:vResetRecourceLamp	24	static
../Core/Src/data_model.c:545:6:vResetLampRecource	16	static
../Core/Src/data_model.c:563:7:vEditLampCount	16	static
../Core/Src/data_model.c:590:13:vSetLampCount	16	static
../Core/Src/data_model.c:618:6:vSetTimeForMenu	24	static
../Core/Src/data_model.c:670:6:vSetDateForMenu	24	static
../Core/Src/data_model.c:721:7:vSetAllResLampMenu	24	static
../Core/Src/data_model.c:756:10:int32GetData	16	static
../Core/Src/data_model.c:760:6:int32SetData	16	static
../Core/Src/data_model.c:778:10:int16GetRegister	16	static
../Core/Src/data_model.c:783:6:int16SetRegister	16	static
../Core/Src/data_model.c:789:6:int8SetRegisterBit	16	static
../Core/Src/data_model.c:801:9:int8GetRegister	16	static
../Core/Src/data_model.c:806:6:int8SetRegister	16	static
../Core/Src/data_model.c:813:6:vGetDataForMenu	48	static
../Core/Src/data_model.c:866:7:vGetMbTypeMenu	24	static
../Core/Src/data_model.c:898:6:vGetControlTypeMenu	24	static
../Core/Src/data_model.c:933:6:InitDataModel	8	static
../Core/Src/data_model.c:966:6:vLAMWorkHoursWrite	8	static
../Core/Src/data_model.c:971:6:vGetRecord	344	static
../Core/Src/data_model.c:1010:6:vADDRecord	40	static
