../Core/Src/data_model.c:41:6:vGetErrorForMenu	32	static
../Core/Src/data_model.c:87:7:vGetLapmErrorForMenu	72	static
../Core/Src/data_model.c:138:6:vGetPassword	24	static
../Core/Src/data_model.c:182:6:vGetVoltForMenu	24	static
../Core/Src/data_model.c:285:6:vGetFBOSizeForMenu	24	static
../Core/Src/data_model.c:332:6:vGetRecourceEditForMenu	24	static
../Core/Src/data_model.c:360:6:vGetRecourceForMenu	24	static
../Core/Src/data_model.c:394:6:vGetJournal	48	static
../Core/Src/data_model.c:434:6:vSetRecourceForMenu	24	static
../Core/Src/data_model.c:485:6:vSetLampRecource	24	static
../Core/Src/data_model.c:509:6:vResetRecourceLamp	24	static
../Core/Src/data_model.c:546:6:vResetLampRecource	16	static
../Core/Src/data_model.c:564:7:vEditLampCount	16	static
../Core/Src/data_model.c:591:13:vSetLampCount	16	static
../Core/Src/data_model.c:619:6:vSetTimeForMenu	24	static
../Core/Src/data_model.c:671:6:vSetDateForMenu	24	static
../Core/Src/data_model.c:722:7:vSetAllResLampMenu	24	static
../Core/Src/data_model.c:757:10:int32GetData	16	static
../Core/Src/data_model.c:761:6:int32SetData	16	static
../Core/Src/data_model.c:779:10:int16GetRegister	16	static
../Core/Src/data_model.c:784:6:int16SetRegister	16	static
../Core/Src/data_model.c:790:6:int8SetRegisterBit	16	static
../Core/Src/data_model.c:802:9:int8GetRegister	16	static
../Core/Src/data_model.c:807:6:int8SetRegister	16	static
../Core/Src/data_model.c:814:6:vGetDataForMenu	48	static
../Core/Src/data_model.c:867:7:vGetMbTypeMenu	24	static
../Core/Src/data_model.c:899:6:vGetControlTypeMenu	24	static
../Core/Src/data_model.c:934:6:InitDataModel	8	static
../Core/Src/data_model.c:967:6:vLAMWorkHoursWrite	8	static
../Core/Src/data_model.c:972:6:vGetRecord	344	static
../Core/Src/data_model.c:1015:6:vADDRecord	40	static
