../Core/Src/data_model.c:37:13:PrintString	24	static
../Core/Src/data_model.c:48:6:vGetErrorForMenu	24	static
../Core/Src/data_model.c:83:7:vGetLapmErrorForMenu	72	static
../Core/Src/data_model.c:133:6:vGetFBOHSizeForMenu	16	static
../Core/Src/data_model.c:165:6:vGetFBOWSizeForMenu	24	static
../Core/Src/data_model.c:208:6:vGetFBOLSizeForMenu	24	static
../Core/Src/data_model.c:251:6:vGetRecourceEditForMenu	24	static
../Core/Src/data_model.c:285:6:vGetRecourceForMenu	24	static
../Core/Src/data_model.c:317:6:vSetRecourceForMenu	24	static
../Core/Src/data_model.c:373:6:vResetRecourceLamp	24	static
../Core/Src/data_model.c:417:7:vEditLampCount	16	static
../Core/Src/data_model.c:444:13:vSetLampCount	16	static
../Core/Src/data_model.c:471:6:vSetTimeForMenu	24	static
../Core/Src/data_model.c:523:6:vSetDateForMenu	24	static
../Core/Src/data_model.c:577:7:vSetAllResLampMenu	24	static
../Core/Src/data_model.c:611:10:int32GetData	16	static
../Core/Src/data_model.c:615:6:int32SetData	16	static
../Core/Src/data_model.c:633:10:int16GetRegister	16	static
../Core/Src/data_model.c:638:6:int16SetRegister	16	static
../Core/Src/data_model.c:644:6:int8SetRegisterBit	16	static
../Core/Src/data_model.c:656:9:int8GetRegister	16	static
../Core/Src/data_model.c:661:6:int8SetRegister	16	static
../Core/Src/data_model.c:668:6:vGetDataForMenu	48	static
../Core/Src/data_model.c:721:7:vGetMbTypeMenu	24	static
../Core/Src/data_model.c:753:6:vGetControlTypeMenu	24	static
../Core/Src/data_model.c:788:6:InitDataModel	8	static
../Core/Src/data_model.c:812:6:vLAMWorkHoursWrite	8	static
