../Core/Src/data_model.c:38:13:PrintString	24	static
../Core/Src/data_model.c:49:6:vGetErrorForMenu	24	static
../Core/Src/data_model.c:84:7:vGetLapmErrorForMenu	72	static
../Core/Src/data_model.c:131:6:vGetFBOHSizeForMenu	16	static
../Core/Src/data_model.c:163:6:vGetFBOWSizeForMenu	24	static
../Core/Src/data_model.c:199:6:vGetFBOLSizeForMenu	24	static
../Core/Src/data_model.c:237:6:vGetRecourceEditForMenu	24	static
../Core/Src/data_model.c:271:6:vGetRecourceForMenu	24	static
../Core/Src/data_model.c:303:6:vSetRecourceForMenu	24	static
../Core/Src/data_model.c:359:6:vResetRecourceLamp	24	static
../Core/Src/data_model.c:403:7:vEditLampCount	16	static
../Core/Src/data_model.c:430:13:vSetLampCount	16	static
../Core/Src/data_model.c:457:6:vSetTimeForMenu	24	static
../Core/Src/data_model.c:509:6:vSetDateForMenu	24	static
../Core/Src/data_model.c:563:7:vSetAllResLampMenu	24	static
../Core/Src/data_model.c:597:10:int32GetData	16	static
../Core/Src/data_model.c:601:6:int32SetData	16	static
../Core/Src/data_model.c:608:6:int16SetRegisterBit	16	static
../Core/Src/data_model.c:619:10:int16GetRegister	16	static
../Core/Src/data_model.c:624:6:int16SetRegister	16	static
../Core/Src/data_model.c:630:6:int8SetRegisterBit	16	static
../Core/Src/data_model.c:642:9:int8GetRegister	16	static
../Core/Src/data_model.c:647:6:int8SetRegister	16	static
../Core/Src/data_model.c:654:6:vGetDataForMenu	48	static
../Core/Src/data_model.c:707:7:vGetMbTypeMenu	24	static
../Core/Src/data_model.c:739:6:vGetControlTypeMenu	24	static
../Core/Src/data_model.c:774:6:InitDataModel	8	static
../Core/Src/data_model.c:798:6:vLAMWorkHoursWrite	8	static
