../Core/Src/data_model.c:41:6:vGetErrorForMenu	24	static
../Core/Src/data_model.c:76:7:vGetLapmErrorForMenu	72	static
../Core/Src/data_model.c:127:6:vGetPassword	24	static
../Core/Src/data_model.c:171:6:vGetVoltForMenu	24	static
../Core/Src/data_model.c:274:6:vGetFBOSizeForMenu	24	static
../Core/Src/data_model.c:321:6:vGetRecourceEditForMenu	24	static
../Core/Src/data_model.c:355:6:vGetRecourceForMenu	24	static
../Core/Src/data_model.c:390:6:vSetRecourceForMenu	24	static
../Core/Src/data_model.c:446:6:vResetRecourceLamp	24	static
../Core/Src/data_model.c:490:7:vEditLampCount	16	static
../Core/Src/data_model.c:517:13:vSetLampCount	16	static
../Core/Src/data_model.c:544:6:vSetTimeForMenu	24	static
../Core/Src/data_model.c:596:6:vSetDateForMenu	24	static
../Core/Src/data_model.c:647:7:vSetAllResLampMenu	24	static
../Core/Src/data_model.c:685:10:int32GetData	16	static
../Core/Src/data_model.c:689:6:int32SetData	16	static
../Core/Src/data_model.c:707:10:int16GetRegister	16	static
../Core/Src/data_model.c:712:6:int16SetRegister	16	static
../Core/Src/data_model.c:718:6:int8SetRegisterBit	16	static
../Core/Src/data_model.c:730:9:int8GetRegister	16	static
../Core/Src/data_model.c:735:6:int8SetRegister	16	static
../Core/Src/data_model.c:742:6:vGetDataForMenu	48	static
../Core/Src/data_model.c:795:7:vGetMbTypeMenu	24	static
../Core/Src/data_model.c:827:6:vGetControlTypeMenu	24	static
../Core/Src/data_model.c:862:6:InitDataModel	8	static
../Core/Src/data_model.c:893:6:vLAMWorkHoursWrite	8	static
../Core/Src/data_model.c:899:6:vADDRecord	40	static
