../Core/Src/data_model.c:39:13:PrintString	24	static
../Core/Src/data_model.c:50:6:vGetErrorForMenu	24	static
../Core/Src/data_model.c:85:7:vGetLapmErrorForMenu	72	static
../Core/Src/data_model.c:132:6:vGetFBOHSizeForMenu	16	static
../Core/Src/data_model.c:159:6:vGetFBOWSizeForMenu	32	static
../Core/Src/data_model.c:193:6:vGetFBOLSizeForMenu	32	static
../Core/Src/data_model.c:229:6:vGetRecourceEditForMenu	24	static
../Core/Src/data_model.c:265:6:vGetRecourceForMenu	24	static
../Core/Src/data_model.c:299:7:vEditLampCount	16	static
../Core/Src/data_model.c:326:13:vSetLampCount	16	static
../Core/Src/data_model.c:353:6:vSetTimeForMenu	24	static
../Core/Src/data_model.c:404:6:vSetDateForMenu	24	static
../Core/Src/data_model.c:455:13:vSetResLampMenu	16	static
../Core/Src/data_model.c:487:13:vSetAllResLampMenu	24	static
../Core/Src/data_model.c:516:10:int32GetData	16	static
../Core/Src/data_model.c:520:6:int32SetData	16	static
../Core/Src/data_model.c:527:6:int16SetRegisterBit	16	static
../Core/Src/data_model.c:538:10:int16GetRegister	16	static
../Core/Src/data_model.c:543:6:int16SetRegister	16	static
../Core/Src/data_model.c:549:6:int8SetRegisterBit	16	static
../Core/Src/data_model.c:561:9:int8GetRegister	16	static
../Core/Src/data_model.c:566:6:int8SetRegister	16	static
../Core/Src/data_model.c:573:6:vGetDataForMenu	48	static
../Core/Src/data_model.c:632:13:vGetMbTypeMenu	24	static
../Core/Src/data_model.c:661:13:vGetControlTypeMenu	24	static
../Core/Src/data_model.c:693:6:InitDataModel	8	static
../Core/Src/data_model.c:710:6:vLAMWorkHoursWrite	8	static
