../Core/Src/data_model.c:40:6:vGetErrorForMenu	32	static
../Core/Src/data_model.c:85:7:vGetLapmErrorForMenu	72	static
../Core/Src/data_model.c:136:6:vGetPassword	24	static
../Core/Src/data_model.c:180:6:vGetVoltForMenu	24	static
../Core/Src/data_model.c:283:6:vGetFBOSizeForMenu	24	static
../Core/Src/data_model.c:330:6:vGetRecourceEditForMenu	24	static
../Core/Src/data_model.c:358:6:vGetRecourceForMenu	24	static
../Core/Src/data_model.c:392:6:vGetJournal	48	static
../Core/Src/data_model.c:432:6:vSetRecourceForMenu	24	static
../Core/Src/data_model.c:483:6:vSetLampRecource	24	static
../Core/Src/data_model.c:505:6:vResetJournal	16	static
../Core/Src/data_model.c:524:6:vResetRecourceLamp	24	static
../Core/Src/data_model.c:559:6:vResetLampRecource	16	static
../Core/Src/data_model.c:577:7:vEditLampCount	16	static
../Core/Src/data_model.c:604:13:vSetLampCount	16	static
../Core/Src/data_model.c:632:6:vSetTimeForMenu	24	static
../Core/Src/data_model.c:682:6:vSetDateForMenu	24	static
../Core/Src/data_model.c:733:7:vSetAllResLampMenu	24	static
../Core/Src/data_model.c:765:10:int32GetData	16	static
../Core/Src/data_model.c:769:6:int32SetData	16	static
../Core/Src/data_model.c:775:10:int16GetRegister	16	static
../Core/Src/data_model.c:780:6:int16SetRegister	16	static
../Core/Src/data_model.c:786:6:int8SetRegisterBit	16	static
../Core/Src/data_model.c:798:9:int8GetRegister	16	static
../Core/Src/data_model.c:803:6:int8SetRegister	16	static
../Core/Src/data_model.c:810:6:vGetDataForMenu	48	static
../Core/Src/data_model.c:863:7:vGetMbTypeMenu	24	static
../Core/Src/data_model.c:895:6:vGetControlTypeMenu	24	static
../Core/Src/data_model.c:930:6:InitDataModel	8	static
../Core/Src/data_model.c:976:6:vLAMWorkHoursWrite	16	static
../Core/Src/data_model.c:990:6:vGetRecord	344	static
../Core/Src/data_model.c:1031:6:vADDRecord	40	static
../Core/Src/data_model.c:1060:6:JournalClear	8	static
