../Core/Src/data_model.c:41:6:vGetErrorForMenu	24	static
../Core/Src/data_model.c:76:7:vGetLapmErrorForMenu	72	static
../Core/Src/data_model.c:127:6:vGetPassword	24	static
../Core/Src/data_model.c:176:6:vGetVoltForMenu	24	static
../Core/Src/data_model.c:279:6:vGetFBOSizeForMenu	24	static
../Core/Src/data_model.c:326:6:vGetRecourceEditForMenu	24	static
../Core/Src/data_model.c:360:6:vGetRecourceForMenu	24	static
../Core/Src/data_model.c:395:6:vSetRecourceForMenu	24	static
../Core/Src/data_model.c:451:6:vResetRecourceLamp	24	static
../Core/Src/data_model.c:495:7:vEditLampCount	16	static
../Core/Src/data_model.c:522:13:vSetLampCount	16	static
../Core/Src/data_model.c:549:6:vSetTimeForMenu	24	static
../Core/Src/data_model.c:601:6:vSetDateForMenu	24	static
../Core/Src/data_model.c:655:7:vSetAllResLampMenu	24	static
../Core/Src/data_model.c:693:10:int32GetData	16	static
../Core/Src/data_model.c:697:6:int32SetData	16	static
../Core/Src/data_model.c:715:10:int16GetRegister	16	static
../Core/Src/data_model.c:720:6:int16SetRegister	16	static
../Core/Src/data_model.c:726:6:int8SetRegisterBit	16	static
../Core/Src/data_model.c:738:9:int8GetRegister	16	static
../Core/Src/data_model.c:743:6:int8SetRegister	16	static
../Core/Src/data_model.c:750:6:vGetDataForMenu	48	static
../Core/Src/data_model.c:803:7:vGetMbTypeMenu	24	static
../Core/Src/data_model.c:835:6:vGetControlTypeMenu	24	static
../Core/Src/data_model.c:870:6:InitDataModel	8	static
../Core/Src/data_model.c:901:6:vLAMWorkHoursWrite	8	static
../Core/Src/data_model.c:907:6:vADDRecord	40	static
