../Core/Src/data_model.c:40:6:vGetErrorForMenu	32	static
../Core/Src/data_model.c:85:7:vGetLapmErrorForMenu	72	static
../Core/Src/data_model.c:138:6:vGetPassword	24	static
../Core/Src/data_model.c:182:6:vGetVoltForMenu	24	static
../Core/Src/data_model.c:282:6:vGetFBOSizeForMenu	24	static
../Core/Src/data_model.c:326:6:vGetRecourceEditForMenu	24	static
../Core/Src/data_model.c:354:6:vGetRecourceForMenu	24	static
../Core/Src/data_model.c:387:6:vGetJournal	48	static
../Core/Src/data_model.c:441:6:vSetRecourceForMenu	24	static
../Core/Src/data_model.c:496:6:vSetLampRecource	24	static
../Core/Src/data_model.c:518:6:vResetJournal	16	static
../Core/Src/data_model.c:537:6:vResetRecourceLamp	24	static
../Core/Src/data_model.c:573:6:vResetLampRecource	16	static
../Core/Src/data_model.c:591:7:vEditLampCount	16	static
../Core/Src/data_model.c:618:13:vSetLampCount	16	static
../Core/Src/data_model.c:646:6:vSetTimeForMenu	24	static
../Core/Src/data_model.c:696:6:vSetDateForMenu	24	static
../Core/Src/data_model.c:747:7:vSetAllResLampMenu	24	static
../Core/Src/data_model.c:779:10:int32GetData	16	static
../Core/Src/data_model.c:783:6:int32SetData	16	static
../Core/Src/data_model.c:789:10:int16GetRegister	16	static
../Core/Src/data_model.c:794:6:int16SetRegister	16	static
../Core/Src/data_model.c:800:6:int8SetRegisterBit	16	static
../Core/Src/data_model.c:812:9:int8GetRegister	16	static
../Core/Src/data_model.c:817:6:int8SetRegister	16	static
../Core/Src/data_model.c:824:6:vGetDataForMenu	48	static
../Core/Src/data_model.c:877:7:vGetMbTypeMenu	24	static
../Core/Src/data_model.c:909:6:vGetControlTypeMenu	24	static
../Core/Src/data_model.c:944:6:InitDataModel	16	static
../Core/Src/data_model.c:993:6:vLAMWorkHoursWrite	16	static
../Core/Src/data_model.c:1007:6:vGetRecord	344	static
../Core/Src/data_model.c:1048:6:vADDRecord	40	static
../Core/Src/data_model.c:1077:6:JournalClear	8	static
