../Core/Src/data_model.c:40:6:vGetErrorForMenu	32	static
../Core/Src/data_model.c:85:7:vGetLapmErrorForMenu	72	static
../Core/Src/data_model.c:136:6:vGetPassword	24	static
../Core/Src/data_model.c:180:6:vGetVoltForMenu	24	static
../Core/Src/data_model.c:283:6:vGetFBOSizeForMenu	24	static
../Core/Src/data_model.c:330:6:vGetRecourceEditForMenu	24	static
../Core/Src/data_model.c:358:6:vGetRecourceForMenu	24	static
../Core/Src/data_model.c:392:6:vGetJournal	48	static
../Core/Src/data_model.c:432:6:vSetRecourceForMenu	24	static
../Core/Src/data_model.c:487:6:vSetLampRecource	24	static
../Core/Src/data_model.c:509:6:vResetJournal	16	static
../Core/Src/data_model.c:528:6:vResetRecourceLamp	24	static
../Core/Src/data_model.c:563:6:vResetLampRecource	16	static
../Core/Src/data_model.c:581:7:vEditLampCount	16	static
../Core/Src/data_model.c:608:13:vSetLampCount	16	static
../Core/Src/data_model.c:636:6:vSetTimeForMenu	24	static
../Core/Src/data_model.c:686:6:vSetDateForMenu	24	static
../Core/Src/data_model.c:737:7:vSetAllResLampMenu	24	static
../Core/Src/data_model.c:769:10:int32GetData	16	static
../Core/Src/data_model.c:773:6:int32SetData	16	static
../Core/Src/data_model.c:779:10:int16GetRegister	16	static
../Core/Src/data_model.c:784:6:int16SetRegister	16	static
../Core/Src/data_model.c:790:6:int8SetRegisterBit	16	static
../Core/Src/data_model.c:802:9:int8GetRegister	16	static
../Core/Src/data_model.c:807:6:int8SetRegister	16	static
../Core/Src/data_model.c:814:6:vGetDataForMenu	48	static
../Core/Src/data_model.c:867:7:vGetMbTypeMenu	24	static
../Core/Src/data_model.c:899:6:vGetControlTypeMenu	24	static
../Core/Src/data_model.c:934:6:InitDataModel	16	static
../Core/Src/data_model.c:984:6:vLAMWorkHoursWrite	16	static
../Core/Src/data_model.c:998:6:vGetRecord	344	static
../Core/Src/data_model.c:1039:6:vADDRecord	40	static
../Core/Src/data_model.c:1068:6:JournalClear	8	static
