../Core/Src/data_model.c:40:6:vGetErrorForMenu	32	static
../Core/Src/data_model.c:85:7:vGetLapmErrorForMenu	72	static
../Core/Src/data_model.c:136:6:vGetPassword	24	static
../Core/Src/data_model.c:180:6:vGetVoltForMenu	24	static
../Core/Src/data_model.c:283:6:vGetFBOSizeForMenu	24	static
../Core/Src/data_model.c:330:6:vGetRecourceEditForMenu	24	static
../Core/Src/data_model.c:358:6:vGetRecourceForMenu	24	static
../Core/Src/data_model.c:392:6:vGetJournal	48	static
../Core/Src/data_model.c:432:6:vSetRecourceForMenu	24	static
../Core/Src/data_model.c:483:6:vSetLampRecource	24	static
../Core/Src/data_model.c:506:6:vResetRecourceLamp	24	static
../Core/Src/data_model.c:541:6:vResetLampRecource	16	static
../Core/Src/data_model.c:559:7:vEditLampCount	16	static
../Core/Src/data_model.c:586:13:vSetLampCount	16	static
../Core/Src/data_model.c:614:6:vSetTimeForMenu	24	static
../Core/Src/data_model.c:664:6:vSetDateForMenu	24	static
../Core/Src/data_model.c:715:7:vSetAllResLampMenu	24	static
../Core/Src/data_model.c:747:10:int32GetData	16	static
../Core/Src/data_model.c:751:6:int32SetData	16	static
../Core/Src/data_model.c:757:10:int16GetRegister	16	static
../Core/Src/data_model.c:762:6:int16SetRegister	16	static
../Core/Src/data_model.c:768:6:int8SetRegisterBit	16	static
../Core/Src/data_model.c:780:9:int8GetRegister	16	static
../Core/Src/data_model.c:785:6:int8SetRegister	16	static
../Core/Src/data_model.c:792:6:vGetDataForMenu	48	static
../Core/Src/data_model.c:845:7:vGetMbTypeMenu	24	static
../Core/Src/data_model.c:877:6:vGetControlTypeMenu	24	static
../Core/Src/data_model.c:912:6:InitDataModel	8	static
../Core/Src/data_model.c:945:6:vLAMWorkHoursWrite	8	static
../Core/Src/data_model.c:950:6:vGetRecord	344	static
../Core/Src/data_model.c:989:6:vADDRecord	40	static
