../Core/Src/datastorage.c:37:6:vEEPROMInit	16	static
../Core/Src/datastorage.c:48:21:eIntiDataStorage	16	static
../Core/Src/datastorage.c:64:15:eCreateDataStorage	56	static
../Core/Src/datastorage.c:110:15:eWriteNewDescriptor	8	static
../Core/Src/datastorage.c:133:6:vSetRegData	24	static
../Core/Src/datastorage.c:143:21:eEEPROMRegTypeWrite	24	static
../Core/Src/datastorage.c:159:21:eEEPROMRegWrite	24	static
../Core/Src/datastorage.c:174:21:eEEPROMReadRegister	24	static
../Core/Src/datastorage.c:200:6:eEEPROMConfigFastWrite	16	static
../Core/Src/datastorage.c:209:6:eEEPROMRegisterAddToFastWrite	24	static
../Core/Src/datastorage.c:236:21:eEEPROMRegisterFastWrtie	8	static
../Core/Src/datastorage.c:248:20:eGetReocrdFieldsType	16	static
../Core/Src/datastorage.c:262:15:vSetRecordData	40	static
../Core/Src/datastorage.c:323:21:eEEPROMRecordADD	16	static
../Core/Src/datastorage.c:337:15:vGetTimeFromReg	32	static
../Core/Src/datastorage.c:351:7:vGetRegToTime	24	static
../Core/Src/datastorage.c:366:10:usGetEEPROMSize	4	static
../Core/Src/datastorage.c:373:5:eAccessToken	16	static
../Core/Src/datastorage.c:395:10:usEEPROMReadToExternData	24	static
../Core/Src/datastorage.c:411:21:eEEPROMWriteExternData	24	static
../Core/Src/datastorage.c:435:13:eResetDataStorage	32	static
../Core/Src/datastorage.c:449:13:vInitDescriptor	24	static
../Core/Src/datastorage.c:500:17:vAddRecordToStorage	16	static
../Core/Src/datastorage.c:523:13:vWriteDescriptor	8	static
../Core/Src/datastorage.c:535:13:vWriteDescriptorReg	16	static
../Core/Src/datastorage.c:545:13:SET_SHORT	16	static
../Core/Src/datastorage.c:555:13:vSetTimeToReg	24	static
