../Core/Src/data_model.c:41:6:vGetErrorForMenu	24	static
../Core/Src/data_model.c:76:7:vGetLapmErrorForMenu	72	static
../Core/Src/data_model.c:127:6:vGetPassword	24	static
../Core/Src/data_model.c:171:6:vGetVoltForMenu	24	static
../Core/Src/data_model.c:274:6:vGetFBOSizeForMenu	24	static
../Core/Src/data_model.c:321:6:vGetRecourceEditForMenu	24	static
../Core/Src/data_model.c:352:6:vGetRecourceForMenu	24	static
../Core/Src/data_model.c:387:6:vSetRecourceForMenu	24	static
../Core/Src/data_model.c:443:6:vResetRecourceLamp	24	static
../Core/Src/data_model.c:487:7:vEditLampCount	16	static
../Core/Src/data_model.c:514:13:vSetLampCount	16	static
../Core/Src/data_model.c:541:6:vSetTimeForMenu	24	static
../Core/Src/data_model.c:593:6:vSetDateForMenu	24	static
../Core/Src/data_model.c:644:7:vSetAllResLampMenu	24	static
../Core/Src/data_model.c:682:10:int32GetData	16	static
../Core/Src/data_model.c:686:6:int32SetData	16	static
../Core/Src/data_model.c:704:10:int16GetRegister	16	static
../Core/Src/data_model.c:709:6:int16SetRegister	16	static
../Core/Src/data_model.c:715:6:int8SetRegisterBit	16	static
../Core/Src/data_model.c:727:9:int8GetRegister	16	static
../Core/Src/data_model.c:732:6:int8SetRegister	16	static
../Core/Src/data_model.c:739:6:vGetDataForMenu	48	static
../Core/Src/data_model.c:792:7:vGetMbTypeMenu	24	static
../Core/Src/data_model.c:824:6:vGetControlTypeMenu	24	static
../Core/Src/data_model.c:859:6:InitDataModel	8	static
../Core/Src/data_model.c:890:6:vLAMWorkHoursWrite	8	static
../Core/Src/data_model.c:895:6:vGetRecord	24	static
../Core/Src/data_model.c:902:6:vADDRecord	40	static
