../Core/Src/data_model.c:38:13:PrintString	24	static
../Core/Src/data_model.c:49:6:vGetErrorForMenu	24	static
../Core/Src/data_model.c:84:7:vGetLapmErrorForMenu	72	static
../Core/Src/data_model.c:131:6:vGetFBOHSizeForMenu	16	static
../Core/Src/data_model.c:163:6:vGetFBOWSizeForMenu	24	static
../Core/Src/data_model.c:206:6:vGetFBOLSizeForMenu	24	static
../Core/Src/data_model.c:249:6:vGetRecourceEditForMenu	24	static
../Core/Src/data_model.c:283:6:vGetRecourceForMenu	24	static
../Core/Src/data_model.c:315:6:vSetRecourceForMenu	24	static
../Core/Src/data_model.c:371:6:vResetRecourceLamp	24	static
../Core/Src/data_model.c:415:7:vEditLampCount	16	static
../Core/Src/data_model.c:442:13:vSetLampCount	16	static
../Core/Src/data_model.c:469:6:vSetTimeForMenu	24	static
../Core/Src/data_model.c:521:6:vSetDateForMenu	24	static
../Core/Src/data_model.c:575:7:vSetAllResLampMenu	24	static
../Core/Src/data_model.c:609:10:int32GetData	16	static
../Core/Src/data_model.c:613:6:int32SetData	16	static
../Core/Src/data_model.c:620:6:int16SetRegisterBit	16	static
../Core/Src/data_model.c:631:10:int16GetRegister	16	static
../Core/Src/data_model.c:636:6:int16SetRegister	16	static
../Core/Src/data_model.c:642:6:int8SetRegisterBit	16	static
../Core/Src/data_model.c:654:9:int8GetRegister	16	static
../Core/Src/data_model.c:659:6:int8SetRegister	16	static
../Core/Src/data_model.c:666:6:vGetDataForMenu	48	static
../Core/Src/data_model.c:719:7:vGetMbTypeMenu	24	static
../Core/Src/data_model.c:751:6:vGetControlTypeMenu	24	static
../Core/Src/data_model.c:786:6:InitDataModel	8	static
../Core/Src/data_model.c:810:6:vLAMWorkHoursWrite	8	static
