../Core/Src/data_model.c:40:6:vGetErrorForMenu	32	static
../Core/Src/data_model.c:85:7:vGetLapmErrorForMenu	72	static
../Core/Src/data_model.c:138:6:vGetPassword	24	static
../Core/Src/data_model.c:182:6:vGetVoltForMenu	24	static
../Core/Src/data_model.c:282:6:vGetFBOSizeForMenu	24	static
../Core/Src/data_model.c:338:6:vGetRecourceEditForMenu	24	static
../Core/Src/data_model.c:366:6:vGetRecourceForMenu	24	static
../Core/Src/data_model.c:399:6:vGetJournal	48	static
../Core/Src/data_model.c:453:6:vSetRecourceForMenu	24	static
../Core/Src/data_model.c:508:6:vSetLampRecource	24	static
../Core/Src/data_model.c:530:6:vResetJournal	16	static
../Core/Src/data_model.c:549:6:vResetRecourceLamp	24	static
../Core/Src/data_model.c:585:6:vResetLampRecource	16	static
../Core/Src/data_model.c:603:7:vEditLampCount	16	static
../Core/Src/data_model.c:630:13:vSetLampCount	16	static
../Core/Src/data_model.c:658:6:vSetTimeForMenu	24	static
../Core/Src/data_model.c:708:6:vSetDateForMenu	24	static
../Core/Src/data_model.c:759:7:vSetAllResLampMenu	24	static
../Core/Src/data_model.c:791:10:int32GetData	16	static
../Core/Src/data_model.c:795:6:int32SetData	16	static
../Core/Src/data_model.c:801:10:int16GetRegister	16	static
../Core/Src/data_model.c:806:6:int16SetRegister	16	static
../Core/Src/data_model.c:812:6:int8SetRegisterBit	16	static
../Core/Src/data_model.c:824:9:int8GetRegister	16	static
../Core/Src/data_model.c:829:6:int8SetRegister	16	static
../Core/Src/data_model.c:836:6:vGetDataForMenu	48	static
../Core/Src/data_model.c:890:6:vSetContrMenu	24	static
../Core/Src/data_model.c:924:7:vGetMbTypeMenu	24	static
../Core/Src/data_model.c:956:6:vGetControlTypeMenu	24	static
../Core/Src/data_model.c:991:6:InitDataModel	16	static
../Core/Src/data_model.c:1040:6:vLAMWorkHoursWrite	16	static
../Core/Src/data_model.c:1054:6:vGetRecord	344	static
../Core/Src/data_model.c:1095:6:vADDRecord	40	static
../Core/Src/data_model.c:1124:6:JournalClear	8	static
