../Core/Src/LCD.c:36:6:ClearScreenBuffer	8	static
../Core/Src/LCD.c:44:6:LCD_SetString	24	static
../Core/Src/LCD.c:72:6:LCD_SET_Cursor	16	static
../Core/Src/LCD.c:77:6:LCD_Cursor_Off	4	static
../Core/Src/LCD.c:82:13:WriteByte	24	static
../Core/Src/LCD.c:90:13:ReadByte	16	static
../Core/Src/LCD.c:95:13:DelayUS	16	static
../Core/Src/LCD.c:104:13:Strob	8	static
../Core/Src/LCD.c:111:13:LCD_SendCommand	16	static
../Core/Src/LCD.c:121:13:LCD_SendData	16	static
../Core/Src/LCD.c:131:6:Init16X2LCD	8	static
../Core/Src/LCD.c:139:6:vRedrawLCD	32	static
../Core/Src/LCD.c:165:6:LCD_Task	16	static
