../Core/Src/main.c:212:20:xGetOSEvent	4	static
../Core/Src/main.c:216:21:xGetUARTEvent	4	static
../Core/Src/main.c:220:21:xGetSystemUpdateEvent	4	static
../Core/Src/main.c:229:7:vTimerInit	16	static
../Core/Src/main.c:238:7:vStartTimer	8	static
../Core/Src/main.c:244:7:vStopTimer	8	static
../Core/Src/main.c:254:5:main	8	static
../Core/Src/main.c:377:6:SystemClock_Config	96	static
../Core/Src/main.c:426:13:MX_ADC1_Init	24	static
../Core/Src/main.c:482:13:MX_ADC3_Init	24	static
../Core/Src/main.c:529:13:MX_I2C1_Init	8	static
../Core/Src/main.c:563:13:MX_RTC_Init	16	static
../Core/Src/main.c:621:13:MX_SPI2_Init	8	static
../Core/Src/main.c:659:13:MX_TIM2_Init	32	static
../Core/Src/main.c:704:13:MX_TIM6_Init	16	static
../Core/Src/main.c:742:13:MX_TIM7_Init	16	static
../Core/Src/main.c:780:13:MX_USART1_UART_Init	8	static
../Core/Src/main.c:811:13:MX_DMA_Init	16	static
../Core/Src/main.c:829:13:MX_GPIO_Init	40	static
../Core/Src/main.c:906:6:HAL_TIM_PeriodElapsedCallback	16	static
../Core/Src/main.c:922:6:StartDefaultTask	16	static
../Core/Src/main.c:946:6:Error_Handler	4	static,ignoring_inline_asm
