../Core/Src/main.c:167:5:main	8	static
../Core/Src/main.c:274:6:SystemClock_Config	96	static
../Core/Src/main.c:323:13:MX_ADC1_Init	24	static
../Core/Src/main.c:379:13:MX_ADC3_Init	24	static
../Core/Src/main.c:426:13:MX_I2C1_Init	8	static
../Core/Src/main.c:460:13:MX_RTC_Init	16	static
../Core/Src/main.c:518:13:MX_SPI2_Init	8	static
../Core/Src/main.c:556:13:MX_TIM6_Init	16	static
../Core/Src/main.c:594:13:MX_TIM7_Init	16	static
../Core/Src/main.c:632:13:MX_USART1_UART_Init	8	static
../Core/Src/main.c:663:13:MX_DMA_Init	16	static
../Core/Src/main.c:681:13:MX_GPIO_Init	40	static
../Core/Src/main.c:758:6:HAL_TIM_PeriodElapsedCallback	16	static
../Core/Src/main.c:774:6:StartDefaultTask	16	static
../Core/Src/main.c:799:6:Error_Handler	4	static,ignoring_inline_asm
