../Core/Src/menu.c:20:6:vMenuInit	4	static
../Core/Src/menu.c:25:6:vDrawObject	64	static
../Core/Src/menu.c:200:6:GetNumberToString	40	static
../Core/Src/menu.c:213:6:vGetDataForList	16	static
../Core/Src/menu.c:231:6:vListScreenCallBack	16	static
../Core/Src/menu.c:266:13:ExitEditMode	4	static
../Core/Src/menu.c:272:16:isEditMode	4	static
../Core/Src/menu.c:276:16:isEditObjectConfig	4	static
../Core/Src/menu.c:280:13:ConfigEditMode	24	static
../Core/Src/menu.c:307:13:incrementCursor	4	static
../Core/Src/menu.c:316:16:getXCursor	4	static
../Core/Src/menu.c:320:16:getYCursor	4	static
../Core/Src/menu.c:324:16:getObjectIndex	4	static
../Core/Src/menu.c:331:6:vDataScreenCallBack	24	static
../Core/Src/menu.c:377:6:xCommonScreenCallBack	16	static
../Core/Src/menu.c:406:6:vMenuScreenCallBack	16	static
../Core/Src/menu.c:441:6:xMainScreenCallBack	16	static
../Core/Src/menu.c:495:6:vMenu	8	static
